Audit couverture : 8 books x 3 sports


════════ FOOTBALL ════════
  1xbet        1759 matchs (14660ms)
     ↳ ~155 marchés/match (echantillon 3/3)
  1win          750 matchs (2298ms)
     ↳ ~19 marchés/match (echantillon 3/3)
  congobet      550 matchs (7964ms)
     ↳ ~113 marchés/match (echantillon 3/3)
  yellowbet     635 matchs (3682ms)
     ↳ ~100 marchés/match (echantillon 3/3)
  apollo        487 matchs (1716ms)
     ↳ ~68 marchés/match (echantillon 3/3)
  betmomo       412 matchs (11318ms)
     ↳ ~25 marchés/match (echantillon 3/3)
[sportcash:football] getEvento: 14 ok / 0 empty / 14 total | raw=[372,4,337,184,312,735,240,324,316,4,328,332,1124,606] parsed=[43,5,41,27,39,39,37,45,43,3,43,43,47,47] first_cs=[3,15,16,17,7989,560,8,14,22287,22288,22289,19,165,569,18,7,4,5,9942,22284]
  sportcash      14 matchs (2662ms)
     ↳ ~30 marchés/match (echantillon 3/3)
[premierbet] GET /events/upcoming?country=GN&group=g6&platform=desktop&locale=fr&timeOffset=0&sportId=1&date=2026-07-30 status=200 size=60113b dur=460ms keys=[data,pagination]
[premierbet] GET /events/upcoming?country=GN&group=g6&platform=desktop&locale=fr&timeOffset=0&sportId=1&date=2026-08-02 status=200 size=82229b dur=526ms keys=[data,pagination]
[premierbet] GET /events/upcoming?country=GN&group=g6&platform=desktop&locale=fr&timeOffset=0&sportId=1&date=2026-07-31 status=200 size=78165b dur=589ms keys=[data,pagination]
[premierbet] GET /events/upcoming?country=GN&group=g6&platform=desktop&locale=fr&timeOffset=0&sportId=1&date=2026-08-01 status=200 size=135457b dur=1057ms keys=[data,pagination]
[premierbet] GET /events/highlights?country=GN&group=g6&platform=desktop&locale=fr&sportId=1&timeOffset=0 status=200 size=149669b dur=305ms keys=[data,pagination]
[premierbet] prematch kept=552 dedup=105 horizon=307 virtual/outright=0
  premierbet    552 matchs (1371ms)
     ↳ ~3 marchés/match (echantillon 3/3)

════════ TENNIS ════════
  1xbet         338 matchs (4055ms)
     ↳ ~33 marchés/match (echantillon 3/3)
  1win          238 matchs (483ms)
     ↳ ~1 marchés/match (echantillon 3/3)
  congobet       72 matchs (2188ms)
     ↳ ~42 marchés/match (echantillon 3/3)
  yellowbet      26 matchs (3853ms)
     ↳ ~44 marchés/match (echantillon 3/3)
  apollo         81 matchs (992ms)
     ↳ ~25 marchés/match (echantillon 3/3)
  betmomo       202 matchs (903ms)
     ↳ ~13 marchés/match (echantillon 3/3)
  sportcash       0 matchs (0ms)
  premierbet      0 matchs (0ms)

════════ BASKETBALL ════════
  1xbet          39 matchs (745ms)
     ↳ ~65 marchés/match (echantillon 3/3)
  1win           68 matchs (274ms)
     ↳ ~8 marchés/match (echantillon 3/3)
  congobet       10 matchs (1600ms)
     ↳ ~19 marchés/match (echantillon 3/3)
  yellowbet      22 matchs (4180ms)
     ↳ ~8 marchés/match (echantillon 3/3)
  apollo         11 matchs (825ms)
     ↳ ~48 marchés/match (echantillon 3/3)
  betmomo        10 matchs (343ms)
     ↳ ~9 marchés/match (echantillon 3/3)
  sportcash       0 matchs (0ms)
  premierbet      0 matchs (0ms)


═══ SUMMARY ═══

football:
  1xbet        1759 matchs | ~155 marches/m
  1win          750 matchs | ~19 marches/m
  congobet      550 matchs | ~113 marches/m
  yellowbet     635 matchs | ~100 marches/m
  apollo        487 matchs | ~68 marches/m
  betmomo       412 matchs | ~25 marches/m
  sportcash      14 matchs | ~30 marches/m
  premierbet    552 matchs | ~3 marches/m

tennis:
  1xbet         338 matchs | ~33 marches/m
  1win          238 matchs | ~1 marches/m
  congobet       72 matchs | ~42 marches/m
  yellowbet      26 matchs | ~44 marches/m
  apollo         81 matchs | ~25 marches/m
  betmomo       202 matchs | ~13 marches/m
  sportcash       0 matchs | ~0 marches/m
  premierbet      0 matchs | ~0 marches/m

basketball:
  1xbet          39 matchs | ~65 marches/m
  1win           68 matchs | ~8 marches/m
  congobet       10 matchs | ~19 marches/m
  yellowbet      22 matchs | ~8 marches/m
  apollo         11 matchs | ~48 marches/m
  betmomo        10 matchs | ~9 marches/m
  sportcash       0 matchs | ~0 marches/m
  premierbet      0 matchs | ~0 marches/m

=== FIN ===
