100 matchs tennis dispos

═══════════ MATCH : Berrettini, Matteo vs Navone, Mariano (ATP / ATP Montreal, Canada Men Singles) ═══════════

  Top-level keys: Id, EventCode, BetV6Code, Description, TeamHome, TeamAway, OriginalTeamHome, OriginalTeamAway, TeamHomeId, TeamAwayId, MatchStartTime, IgnoreTimeFilter, AdditionalMatchData, TvChannels, SportId, TrackerSportId, Origin, TrackerId, SportName, OriginSportName, SportOrd, CategoryId, CategoryName, OriginCategoryName, CategoryOrd, LeagueId, LeagueName, OriginLeagueName, LeagueOrd, Headers, BaseHeader, IsLiveMatchAvailable, LiveHomeYellowCards, LiveAwayYellowCards, LiveHomeRedCards, LiveAwayRedCards, LiveAwayCorners, LiveHomeCorners, LiveHomeYellowRedCards, LiveAwayYellowRedCards, Offers, BasicOffer, Result, TimeStamp, HasExtended, HasExtendedLive, OffersCount, TotalBetsCount, Comments, MatchResults, IsBlocked, OddsCount, MatchComment, MatchStatus, BetBuilderOffers, HasPublishedOffer, LiveStatusString, LiveUpdateTimestamp, LiveActive, LiveMatchStartTime, LiveBetStatusString, LiveBettingEnabled, LiveIsDisabled, LiveIsBlocked, HasLiveCoverage, EventType, MaxBetAmount, ModifiedDate, Forbidden, BetxId, ResultWithTypes, EffectiveTeamIds
  Description: Berrettini, Matteo-Navone, Mariano
  AdditionalMatchData: Tennis / ATP / ATP Montreal, Canada Men Singles

  26 Offers :
  Keys de offer[0]: Id, Description, OriginDescription, ProducerOrigin, Odds, IsBasic, Sbv, Ordering, OddsCount, AllowedBetTypeCombinations, HasSbv, BetTypeKey, BetTypeClassId, BetTypeCategories, ScorerTeamId, Active, GameId, AllowedBetBuilderCombinations, BetTypeInfo, BaseLine
    BetTypeKey=20 name="?" Sbv= → 1"1"=1.46 | 2"2"=2.5
    BetTypeKey=502 name="?" Sbv= → 1"1"=1.55 | 2"2"=2.24
    BetTypeKey=558 name="?" Sbv= → 1"1"=1.56 | 2"2"=2.23
    BetTypeKey=544 name="?" Sbv= → 0:2"0:2"=4.1 | 1:2"1:2"=5 | 2:0"2:0"=2.28
    BetTypeKey=910 name="?" Sbv=-3.5 → 1"1"=2.23 | 2"2"=1.58
    BetTypeKey=910 name="?" Sbv=-2.5 → 1"1"=1.83 | 2"2"=1.87
    BetTypeKey=910 name="?" Sbv=-1.5 → 1"1"=1.62 | 2"2"=2.16
    BetTypeKey=911 name="?" Sbv=22.5 → 1"1"=1.89 | 2"2"=1.82
    BetTypeKey=911 name="?" Sbv=23.5 → 1"1"=1.68 | 2"2"=2.06
    BetTypeKey=911 name="?" Sbv=21.5 → 1"1"=2.25 | 2"2"=1.57
    BetTypeKey=841 name="?" Sbv=12.5 → 1"Under"=2.11 | 2"Over"=1.65
    BetTypeKey=842 name="?" Sbv=12.5 → 1"Under"=1.7 | 2"Over"=2.03
    BetTypeKey=211 name="?" Sbv= → 1"Yes"=1.19 | 2"No"=4
    BetTypeKey=212 name="?" Sbv= → 1"Yes"=1.55 | 2"No"=2.26
    BetTypeKey=574 name="?" Sbv= → 1/1"1/1"=1.74 | 1/2"1/2"=9.6 | 2/2"2/2"=3.05
    BetTypeKey=915 name="?" Sbv= → 2"2"=1.56 | 3"3"=2.23
    BetTypeKey=914 name="?" Sbv=1.5 → 1"1"=1.2 | 2"2"=4.1
    BetTypeKey=914 name="?" Sbv=-1.5 → 1"1"=2.28 | 2"2"=1.56
    BetTypeKey=852 name="?" Sbv= → 1"yes"=10 | 2"no"=1.01
    BetTypeKey=988 name="?" Sbv=-1.5 → 1"1"=1.97 | 2"2"=1.75
    BetTypeKey=597 name="?" Sbv=9.5 → 1"Under"=2.26 | 2"Over"=1.57
    BetTypeKey=597 name="?" Sbv=10.5 → 1"Under"=1.41 | 2"Over"=2.7
    BetTypeKey=597 name="?" Sbv=8.5 → 1"Under"=4.7 | 2"Over"=1.16
    BetTypeKey=597 name="?" Sbv=6.5 → 1"Under"=12 | 2"Over"=1
    BetTypeKey=597 name="?" Sbv=7.5 → 1"Under"=8.8 | 2"Over"=1.03
    BetTypeKey=987 name="?" Sbv= → 6:0"6:0"=90 | 6:1"6:1"=19 | 6:2"6:2"=8.6

  Top-level array "Headers" (2 items) :
    "1"
    "2"

  Top-level object "BaseHeader" keys: BetTypeKey, Name, Picks

  Top-level object "Offers" keys: 0, 1, 2, 3, 4, 5, 6, 7

  Top-level array "MatchResults" (0 items) :

  Top-level array "EffectiveTeamIds" (2 items) :
    215400
    10328521

═══════════ MATCH : Galarneau, Alexis vs Kopriva, Vit (ATP / ATP Montreal, Canada Men Singles) ═══════════

  Top-level keys: Id, EventCode, BetV6Code, Description, TeamHome, TeamAway, OriginalTeamHome, OriginalTeamAway, TeamHomeId, TeamAwayId, MatchStartTime, IgnoreTimeFilter, AdditionalMatchData, TvChannels, SportId, TrackerSportId, Origin, TrackerId, SportName, OriginSportName, SportOrd, CategoryId, CategoryName, OriginCategoryName, CategoryOrd, LeagueId, LeagueName, OriginLeagueName, LeagueOrd, Headers, BaseHeader, IsLiveMatchAvailable, LiveHomeYellowCards, LiveAwayYellowCards, LiveHomeRedCards, LiveAwayRedCards, LiveAwayCorners, LiveHomeCorners, LiveHomeYellowRedCards, LiveAwayYellowRedCards, Offers, BasicOffer, Result, TimeStamp, HasExtended, HasExtendedLive, OffersCount, TotalBetsCount, Comments, MatchResults, IsBlocked, OddsCount, MatchComment, MatchStatus, BetBuilderOffers, HasPublishedOffer, LiveStatusString, LiveUpdateTimestamp, LiveActive, LiveMatchStartTime, LiveBetStatusString, LiveBettingEnabled, LiveIsDisabled, LiveIsBlocked, HasLiveCoverage, EventType, MaxBetAmount, ModifiedDate, Forbidden, BetxId, ResultWithTypes, EffectiveTeamIds
  Description: Galarneau, Alexis-Kopriva, Vit
  AdditionalMatchData: Tennis / ATP / ATP Montreal, Canada Men Singles

  26 Offers :
  Keys de offer[0]: Id, Description, OriginDescription, ProducerOrigin, Odds, IsBasic, Sbv, Ordering, OddsCount, AllowedBetTypeCombinations, HasSbv, BetTypeKey, BetTypeClassId, BetTypeCategories, ScorerTeamId, Active, GameId, AllowedBetBuilderCombinations, BetTypeInfo, BaseLine
    BetTypeKey=20 name="?" Sbv= → 1"1"=1.77 | 2"2"=1.94
    BetTypeKey=502 name="?" Sbv= → 1"1"=1.78 | 2"2"=1.89
    BetTypeKey=558 name="?" Sbv= → 1"1"=1.78 | 2"2"=1.89
    BetTypeKey=544 name="?" Sbv= → 0:2"0:2"=3.05 | 1:2"1:2"=4.2 | 2:0"2:0"=2.8
    BetTypeKey=910 name="?" Sbv=0.5 → 1"1"=1.72 | 2"2"=2.01
    BetTypeKey=910 name="?" Sbv=-0.5 → 1"1"=1.82 | 2"2"=1.88
    BetTypeKey=910 name="?" Sbv=-1.5 → 1"1"=1.95 | 2"2"=1.76
    BetTypeKey=911 name="?" Sbv=22.5 → 1"1"=1.89 | 2"2"=1.82
    BetTypeKey=911 name="?" Sbv=21.5 → 1"1"=2.23 | 2"2"=1.58
    BetTypeKey=911 name="?" Sbv=23.5 → 1"1"=1.69 | 2"2"=2.04
    BetTypeKey=841 name="?" Sbv=12.5 → 1"Under"=1.75 | 2"Over"=1.96
    BetTypeKey=842 name="?" Sbv=12.5 → 1"Under"=1.69 | 2"Over"=2.04
    BetTypeKey=211 name="?" Sbv= → 1"Yes"=1.32 | 2"No"=3
    BetTypeKey=212 name="?" Sbv= → 1"Yes"=1.38 | 2"No"=2.75
    BetTypeKey=574 name="?" Sbv= → 1/1"1/1"=2.11 | 1/2"1/2"=8.2 | 2/2"2/2"=2.31
    BetTypeKey=915 name="?" Sbv= → 2"2"=1.55 | 3"3"=2.25
    BetTypeKey=914 name="?" Sbv=1.5 → 1"1"=1.33 | 2"2"=3.05
    BetTypeKey=914 name="?" Sbv=-1.5 → 1"1"=2.8 | 2"2"=1.39
    BetTypeKey=852 name="?" Sbv= → 1"yes"=8.8 | 2"no"=1.02
    BetTypeKey=988 name="?" Sbv=-0.5 → 1"1"=1.8 | 2"2"=1.91
    BetTypeKey=597 name="?" Sbv=9.5 → 1"Under"=1.92 | 2"Over"=1.79
    BetTypeKey=597 name="?" Sbv=10.5 → 1"Under"=1.3 | 2"Over"=3.2
    BetTypeKey=597 name="?" Sbv=8.5 → 1"Under"=3.45 | 2"Over"=1.27
    BetTypeKey=597 name="?" Sbv=6.5 → 1"Under"=12 | 2"Over"=1
    BetTypeKey=597 name="?" Sbv=7.5 → 1"Under"=6.6 | 2"Over"=1.08
    BetTypeKey=987 name="?" Sbv= → 6:0"6:0"=60 | 6:1"6:1"=13 | 6:2"6:2"=9.4

  Top-level array "Headers" (2 items) :
    "1"
    "2"

  Top-level object "BaseHeader" keys: BetTypeKey, Name, Picks

  Top-level object "Offers" keys: 0, 1, 2, 3, 4, 5, 6, 7

  Top-level array "MatchResults" (0 items) :

  Top-level array "EffectiveTeamIds" (2 items) :
    237537
    267220

═══════════ MATCH : Van Assche, Luca vs Droguet, Titouan (ATP / ATP Montreal, Canada Men Singles) ═══════════

  Top-level keys: Id, EventCode, BetV6Code, Description, TeamHome, TeamAway, OriginalTeamHome, OriginalTeamAway, TeamHomeId, TeamAwayId, MatchStartTime, IgnoreTimeFilter, AdditionalMatchData, TvChannels, SportId, TrackerSportId, Origin, TrackerId, SportName, OriginSportName, SportOrd, CategoryId, CategoryName, OriginCategoryName, CategoryOrd, LeagueId, LeagueName, OriginLeagueName, LeagueOrd, Headers, BaseHeader, IsLiveMatchAvailable, LiveHomeYellowCards, LiveAwayYellowCards, LiveHomeRedCards, LiveAwayRedCards, LiveAwayCorners, LiveHomeCorners, LiveHomeYellowRedCards, LiveAwayYellowRedCards, Offers, BasicOffer, Result, TimeStamp, HasExtended, HasExtendedLive, OffersCount, TotalBetsCount, Comments, MatchResults, IsBlocked, OddsCount, MatchComment, MatchStatus, BetBuilderOffers, HasPublishedOffer, LiveStatusString, LiveUpdateTimestamp, LiveActive, LiveMatchStartTime, LiveBetStatusString, LiveBettingEnabled, LiveIsDisabled, LiveIsBlocked, HasLiveCoverage, EventType, MaxBetAmount, ModifiedDate, Forbidden, BetxId, ResultWithTypes, EffectiveTeamIds
  Description: Van Assche, Luca-Droguet, Titouan
  AdditionalMatchData: Tennis / ATP / ATP Montreal, Canada Men Singles

  26 Offers :
  Keys de offer[0]: Id, Description, OriginDescription, ProducerOrigin, Odds, IsBasic, Sbv, Ordering, OddsCount, AllowedBetTypeCombinations, HasSbv, BetTypeKey, BetTypeClassId, BetTypeCategories, ScorerTeamId, Active, GameId, AllowedBetBuilderCombinations, BetTypeInfo, BaseLine
    BetTypeKey=20 name="?" Sbv= → 1"1"=1.78 | 2"2"=1.92
    BetTypeKey=502 name="?" Sbv= → 1"1"=1.79 | 2"2"=1.88
    BetTypeKey=558 name="?" Sbv= → 1"1"=1.79 | 2"2"=1.88
    BetTypeKey=544 name="?" Sbv= → 0:2"0:2"=3.1 | 1:2"1:2"=4.2 | 2:0"2:0"=2.85
    BetTypeKey=910 name="?" Sbv=-1.5 → 1"1"=1.99 | 2"2"=1.73
    BetTypeKey=910 name="?" Sbv=-0.5 → 1"1"=1.85 | 2"2"=1.85
    BetTypeKey=910 name="?" Sbv=0.5 → 1"1"=1.74 | 2"2"=1.98
    BetTypeKey=911 name="?" Sbv=22.5 → 1"1"=1.86 | 2"2"=1.84
    BetTypeKey=911 name="?" Sbv=21.5 → 1"1"=2.18 | 2"2"=1.61
    BetTypeKey=911 name="?" Sbv=23.5 → 1"1"=1.68 | 2"2"=2.06
    BetTypeKey=841 name="?" Sbv=12.5 → 1"Under"=1.82 | 2"Over"=1.88
    BetTypeKey=842 name="?" Sbv=12.5 → 1"Under"=1.78 | 2"Over"=1.93
    BetTypeKey=211 name="?" Sbv= → 1"Yes"=1.32 | 2"No"=3
    BetTypeKey=212 name="?" Sbv= → 1"Yes"=1.36 | 2"No"=2.8
    BetTypeKey=574 name="?" Sbv= → 1/1"1/1"=2.13 | 1/2"1/2"=8 | 2/2"2/2"=2.3
    BetTypeKey=915 name="?" Sbv= → 2"2"=1.57 | 3"3"=2.21
    BetTypeKey=914 name="?" Sbv=1.5 → 1"1"=1.32 | 2"2"=3.1
    BetTypeKey=914 name="?" Sbv=-1.5 → 1"1"=2.85 | 2"2"=1.37
    BetTypeKey=852 name="?" Sbv= → 1"yes"=9.6 | 2"no"=1.01
    BetTypeKey=988 name="?" Sbv=-0.5 → 1"1"=1.81 | 2"2"=1.9
    BetTypeKey=597 name="?" Sbv=9.5 → 1"Under"=2.05 | 2"Over"=1.69
    BetTypeKey=597 name="?" Sbv=10.5 → 1"Under"=1.34 | 2"Over"=3
    BetTypeKey=597 name="?" Sbv=8.5 → 1"Under"=3.9 | 2"Over"=1.21
    BetTypeKey=597 name="?" Sbv=6.5 → 1"Under"=12 | 2"Over"=1
    BetTypeKey=597 name="?" Sbv=7.5 → 1"Under"=7.6 | 2"Over"=1.06
    BetTypeKey=987 name="?" Sbv= → 6:0"6:0"=80 | 6:1"6:1"=20 | 6:2"6:2"=9.2

  Top-level array "Headers" (2 items) :
    "1"
    "2"

  Top-level object "BaseHeader" keys: BetTypeKey, Name, Picks

  Top-level object "Offers" keys: 0, 1, 2, 3, 4, 5, 6, 7

  Top-level array "MatchResults" (0 items) :

  Top-level array "EffectiveTeamIds" (2 items) :
    10519338
    295959
