753 matchs foot

Probe sur : Dinamo Tbilisi II vs Aragvelebi | Mallorca vs Al Ittihad Jeddah | Morocco (dava) vs France (dm1trena)

raw map size: 3


=== Dinamo Tbilisi II vs Aragvelebi ===
  3 groupes total
  groupes: Next goal | Total | Handicap
  4 cotes plates parsees
  cles: match_under_4.5, match_over_4.5, hcp_home_3.5, hcp_away_-3.5
  1 groupes NON parses:
    - Next goal

=== Mallorca vs Al Ittihad Jeddah ===
  17 groupes total
  groupes: Full time result  | Halftime/Fulltime | 1st half. Result | 2nd half. Result | Both teams to score | Double Chance  | 1st half. Double chance | 2nd half. Double chance | Next goal | Race to N goals | Correct score | Total | 1st half. Total | 2nd half. Total | Handicap | 1st half. Al Ittihad Jeddah total | 1st half. Mallorca total
  57 cotes plates parsees
  cles: match_X, match_1, match_2, ht_match_1, ht_match_2, ht_match_X, h2_match_2, h2_match_1, h2_match_X, btts_no, btts_yes, dc_X2, dc_12, dc_1X, ht_dc_X2, ht_dc_12, ht_dc_1X, h2_dc_12, h2_dc_1X, match_over_2.5, match_under_2.5, match_under_0.5, match_under_4.5, match_over_4.5, match_under_1.5, match_over_1.5, match_under_3.5, match_over_3.5, match_over_0.5, ht_under_0.5
  4 groupes NON parses:
    - Halftime/Fulltime
    - Next goal
    - Race to N goals
    - Correct score

=== Morocco (dava) vs France (dm1trena) ===
  8 groupes total
  groupes: Full time result  | Total | Double Chance  | Next goal | Correct score | Odd/Even | Morocco (dava) total | France (dm1trena) total
  13 cotes plates parsees
  cles: match_2, match_1, match_X, match_under_4.5, match_over_4.5, dc_X2, dc_12, odd, even, tt_home_under_2.5, tt_home_over_2.5, tt_away_over_1.5, tt_away_under_1.5
  2 groupes NON parses:
    - Next goal
    - Correct score
