[premierbet] GET /events/upcoming?country=GN&group=g6&platform=desktop&locale=fr&timeOffset=0&sportId=1&date=2026-07-30 status=200 size=60113b dur=814ms keys=[data,pagination]
[premierbet] GET /events/upcoming?country=GN&group=g6&platform=desktop&locale=fr&timeOffset=0&sportId=1&date=2026-07-31 status=200 size=78165b dur=756ms keys=[data,pagination]
[premierbet] GET /events/upcoming?country=GN&group=g6&platform=desktop&locale=fr&timeOffset=0&sportId=1&date=2026-08-02 status=200 size=82229b dur=850ms keys=[data,pagination]
[premierbet] GET /events/upcoming?country=GN&group=g6&platform=desktop&locale=fr&timeOffset=0&sportId=1&date=2026-08-01 status=200 size=135457b dur=1033ms keys=[data,pagination]
[premierbet] GET /events/highlights?country=GN&group=g6&platform=desktop&locale=fr&sportId=1&timeOffset=0 status=200 size=149670b dur=331ms keys=[data,pagination]
[premierbet] prematch kept=552 dedup=105 horizon=307 virtual/outright=0
Match: Stade Lavallois MFC vs US Granville

[premierbet] GET /events/7286461?country=GN&group=g6&platform=desktop&locale=fr status=200 size=75039b dur=209ms keys=[id,providerId,providerName,eventNames]
"Nombre total de buts" — outcome-level dump :
  market keys: id,name,active,outcomes,isCashoutAvailable,isBetBuilderAvailable,betBuilderMarketType
  outcome keys=id,name,value,handicap,active,orderNumber,columnNumber extractLine=2.5 data={"id":"1495","name":"plus de","value":"1.63","handicap":"2.5","active":true,"orderNumber":3,"columnNumber":1}
  plus de val=1.63 line=2.5
  moins de val=2.09 line=2.5
  plus de val=1.03 line=0.5
  moins de val=8.60 line=0.5
  plus de val=1.20 line=1.5
  moins de val=3.95 line=1.5

"1X2 - Handicap" — outcome-level dump :
  1 val=1.11 line=1 keys=id,name,value,handicap,active,orderNumber,columnNumber
  X val=7.00 line=1 keys=id,name,value,handicap,active,orderNumber,columnNumber
  2 val=15.00 line=1 keys=id,name,value,handicap,active,orderNumber,columnNumber
  1 val=2.22 line=1 keys=id,name,value,handicap,active,orderNumber,columnNumber

=== 58 cotes plates ===
  match: 3 — match_1, match_2, match_X
  tt: 12 — tt_away_over_0.5, tt_away_over_1.5, tt_away_over_2.5, tt_away_under_0.5, tt_away_under_1.5, tt_away_under_2.5, tt_home_over_0.5, tt_home_over_1.5, tt_home_over_2.5, tt_home_under_0.5, tt_home_under_1.5, tt_home_under_2.5
  over: 5 — match_over_0.5, match_over_1.5, match_over_2.5, match_over_3.5, match_over_4.5
  under: 5 — match_under_0.5, match_under_1.5, match_under_2.5, match_under_3.5, match_under_4.5
  ht: 10 — ht_btts_no, ht_btts_yes, ht_dc_12, ht_dc_1X, ht_dc_X2, ht_dnb_1, ht_dnb_2, ht_match_1, ht_match_2, ht_match_X
  h2: 12 — h2_btts_no, h2_btts_yes, h2_dc_12, h2_dc_1X, h2_dc_X2, h2_match_1, h2_match_2, h2_match_X, h2_tt_away_over_0.5, h2_tt_away_under_0.5, h2_tt_home_over_0.5, h2_tt_home_under_0.5
  other: 11 — btts_no, btts_yes, dc_12, dc_1X, dc_X2, dnb_1, dnb_2, even, half_most_equal, half_most_h2, odd
