▶▶▶ Probe PB : que retourne sportId=2 (tennis) ?

═══ upcoming today ═══
  1 categories
  ► "International" (id=42)
      "Jeux d'Amérique centrale et des Caraïbes" (1 events)
        ["Belize U20","Mexico U20"] start=2026-08-03T22:00:00.000Z

═══ upcoming +1 ═══
  6 categories
  ► "Etats-Unis" (id=16)
      "WNBA" (3 events)
        ["New York Liberty","Seattle Storm"] start=2026-08-03T23:00:00.000Z
        ["Atlanta Dream","Las Vegas Aces"] start=2026-08-03T23:00:00.000Z
        ["Chicago Sky","Phoenix Mercury"] start=2026-08-04T01:00:00.000Z
  ► "Porto Rico" (id=575)
      "BSN" (1 events)
        ["Criollos de Caguas","Vaqueros de Bayamon"] start=2026-08-04T00:00:00.000Z
  ► "International" (id=42)
      "Championnat Sud-américain FIBA, Femmes" (1 events)
        ["Colombie","Argentine"] start=2026-08-04T00:00:00.000Z
  ► "Chili" (id=762)
      "LNB" (1 events)
        ["CDC Los Leones de Quilpue","Université de Concepcion"] start=2026-08-04T00:30:00.000Z
  ► "International" (id=42)
      "Jeux d'Amérique centrale et des Caraïbes" (1 events)
        ["Puerto Rico U20","Dominican Republic U20"] start=2026-08-04T00:30:00.000Z

═══ highlights ═══
  2 categories
  ► "Etats-Unis" (id=16)
      "WNBA" (5 events)
        ["New York Liberty","Seattle Storm"] start=2026-08-03T23:00:00.000Z
        ["Atlanta Dream","Las Vegas Aces"] start=2026-08-03T23:00:00.000Z
        ["Chicago Sky","Phoenix Mercury"] start=2026-08-04T01:00:00.000Z
  ► "International" (id=42)
      "Euroligue" (9 events)
        ["Dubai Basketball","Real Madrid"] start=2026-09-24T16:00:00.000Z
        ["Hapoël Tel-Aviv","Bayern Munich"] start=2026-09-24T17:00:00.000Z
        ["KK Crvena zvezda Belgrade","Zalgiris Kaunas"] start=2026-09-24T18:00:00.000Z

═══ Test differentes sportId ═══
  sportId=  1: 7 events, 6 cats. ex cats: [Uruguay, Argentine, Colombie]. sample: "Defensor Sporting vs Atletico Cerro"
  sportId=  2: 1 events, 1 cats. ex cats: [International]. sample: "Belize U20 vs Mexico U20"
  sportId=  3: 1 events, 1 cats. ex cats: [Etats-Unis]. sample: "Philadelphia Phillies vs Washington Nationals"
  sportId=  4: 0 events, 0 cats. ex cats: []. sample: ""
  sportId=  5: 8 events, 3 cats. ex cats: [ATP, WTA, Challenger]. sample: "Ugo Carabelli, Camilo vs Norrie, Cameron"
  sportId=  6: 0 events, 0 cats. ex cats: []. sample: ""
  sportId=  7: 0 events, 0 cats. ex cats: []. sample: ""
  sportId= 10: 0 events, 0 cats. ex cats: []. sample: ""
  sportId= 12: 0 events, 0 cats. ex cats: []. sample: ""
  sportId= 20: 0 events, 0 cats. ex cats: []. sample: ""

═══ FIN ═══
