▶▶▶ CHECK-UP COUVERTURE TENNIS PAR BOOK

════════════════════════════════════════════════════════════
1XBET
[xbet] listPrematch : 76 champs a fetcher (BATCH=40)
  Total : 563 matchs
  76 leagues distinctes
  Sans league : 0
  Suspects tennis de TABLE : 30
  Categorie obscure (ITF/Challenger/UTR/Futures) : 133

  Top 20 leagues :
      32 × "ATP. Montreal"
         → ex: "Hubert Hurkacz" vs "Marcos Giron"
      32 × "WTA. Toronto"
         → ex: "Elina Svitolina" vs "Jessica Bouzas Maneiro"
      16 × "World Tennis. Londrina"
         → ex: "Andre Souza" vs "Nicolas Oliveira"
      16 × "World Tennis. Roehampton. Women"
         → ex: "Alice Tubello" vs "Angella Okutoyi"
      15 × "World Tennis. Leipzig. Women"
         → ex: "Tina Manescu" vs "Laura Mair"
      14 × "Challenger. Grodzisk Mazowiecki" [obscur]
         → ex: "Alejandro Moro Canas" vs "Robin Bertrand"
      14 × "World Tennis. Roehampton"
         → ex: "Mark Ceban" vs "Charlie Robertson"
      13 × "Challenger. Istanbul" [obscur]
         → ex: "Petr Bar Biryukov" vs "Paul Inchauspe"
      13 × "World Tennis. Koksijde. Women"
         → ex: "Ane Mintegi Del Olmo" vs "Gabriela Ce"
      13 × "World Tennis. Ourense. Women"
         → ex: "Elyse Tse" vs "Daria Khomutyanskaya"
      12 × "Challenger. Lexington" [obscur]
         → ex: "Edas Butvilas" vs "Tristan Boyer"
      12 × "Challenger. Plovdiv 2" [obscur]
         → ex: "Daniel Elahi Galan Riveros" vs "Georgy Georgiev"
      12 × "World Tennis. Fano"
         → ex: "Alberto Bronzetti" vs "Leonardo Primucci"
      11 × "Challenger. Hagen" [obscur]
         → ex: "Rudolf Molleker" vs "Maxim Mrva"
      11 × "World Tennis. Tauste"
         → ex: "Daniel De Jonge" vs "Valentin Gonzalez-Galino"
      10 × "WTA. Warsaw"
         → ex: "Elsa Jacquemot" vs "Carol Young Suh Lee"
      10 × "World Tennis. Chacabuco. Women"
         → ex: "Camila Romero" vs "Fernanda Labrana"
      10 × "World Tennis. Poprad"
         → ex: "Dominik Macej" vs "Filip Drab"
       9 × "UTR Pro Tennis Series. Auburn. Women" [obscur]
         → ex: "Alana Boyce" vs "McKenzie Shelton"
       9 × "World Tennis. Kursumlijska Banja. Women"
         → ex: "Anastasia Bertacchi" vs "Ustiniya Lekomtseva"
    … +56 autres leagues

  🚨 Sample suspects tennis de TABLE :
      "Sklar Phillips" vs "Emmett Potter" [UTR Pro Tennis Series. Newport Beach]
      "Akanksha Dileep Nitture" vs "Edda Mamedova" [World Tennis. Astana. Women]
      "Mamedova/Kharlanova" vs "Nitture/Patil" [World Tennis. Astana. Women. Doubles]
      "Noel Larwig" vs "Kacper Knitter" [World Tennis. Bielsko-Biala]
      "Lis/Smiej" vs "Knitter/Januchowski" [World Tennis. Bielsko-Biala. Doubles]

════════════════════════════════════════════════════════════
1WIN
  Total : 487 matchs
  11 leagues distinctes
  Sans league : 0
  Suspects tennis de TABLE : 2
  Categorie obscure (ITF/Challenger/UTR/Futures) : 414

  Top 20 leagues :
     155 × "itf-men" [obscur]
         → ex: "S. Tang / W. Trongcharoenchaikul" vs "Suk Ann / Duckhee Lee"
     142 × "itf-women" [obscur]
         → ex: "Duanrui Gao / Xiran Lan" vs "Gaeul Jang / Thasaporn Naklo"
      86 × "atp-challenger" [obscur]
         → ex: "Zsombor Piros" vs "Daniel Rincon"
      31 × "utr-pro" [obscur]
         → ex: "Cian Mcdonnell" vs "Filip Soderqvist"
      30 × "atp"
         → ex: "Hubert Hurkacz" vs "Marcos Giron"
      27 × "wta"
         → ex: "Donna Vekic" vs "Viktorija Golubic"
       8 × "wta-125k"
         → ex: "Viktoria Hruncakova" vs "Susan Bandecchi"
       2 × "us-open"
         → ex: "Men. US Open. Long-term bets" vs "Long-term bets"
       2 × "australian-open"
         → ex: "Women. Australian Open. Long-term bets" vs "Ante-post"
       2 × "roland-garros"
         → ex: "Men. Roland Garros. Long-term bets" vs "Ante-post"
       2 × "wimbledon"
         → ex: "Gentlemen's Singles. Wimbledon. Long-term bets" vs "Long-term bets"

  🚨 Sample suspects tennis de TABLE :
      "Sofia Camila Rojas" vs "Britt Du Pree" [itf-women]
      "Britt Du Pree / Isis Louise Van Den Broek" vs "Alice Ferlito / Valentina Losciale" [itf-women]

════════════════════════════════════════════════════════════
CONGOBET
  Total : 143 matchs
  11 leagues distinctes
  Sans league : 0
  Suspects tennis de TABLE : 0
  Categorie obscure (ITF/Challenger/UTR/Futures) : 0

  Top 20 leagues :
      32 × "/103/25570/58432/"
         → ex: "Baez, Sebastian" vs "Bellucci, Mattia"
      32 × "/103/26252/58444/"
         → ex: "Svitolina, Elina" vs "Bouzas Maneiro, Jessica"
      13 × "/103/24585/58464/"
         → ex: "Moro Canas, Alejandro" vs "Bertrand, Robin"
      12 × "/103/24585/55437/"
         → ex: "Bar Biryukov, Petr" vs "Inchauspe, Paul"
      12 × "/103/24585/157876/"
         → ex: "Brunclik, Petr" vs "Carboni, Lorenzo"
      10 × "/103/24585/54952/"
         → ex: "McCabe, James" vs "Lajovic, Dusan"
      10 × "/103/24585/103796/"
         → ex: "Molleker, Rudolf" vs "Mrva, Maxim"
       9 × "/103/25480/73465/"
         → ex: "Jacquemot, Elsa" vs "Lee, Carol Youngsuh"
       8 × "/103/24585/54969/"
         → ex: "Bayldon B / Harper P" vs "Kittay B / Romboli F"
       4 × "/103/25480/73510/"
         → ex: "Falkowska W / Smith A" vs "Brooks M / Haverlag I"
       1 × "/103/24585/58465/"
         → ex: "Dev S D P / Sinha N K" vs "Bojarski A / Majchrzak A"

════════════════════════════════════════════════════════════
APOLLO
  Total : 100 matchs
  6 leagues distinctes
  Sans league : 0
  Suspects tennis de TABLE : 0
  Categorie obscure (ITF/Challenger/UTR/Futures) : 36

  Top 20 leagues :
      32 × "ATP / ATP Montreal, Canada Men Singles"
         → ex: "Hurkacz, Hubert" vs "Giron, Marcos"
      32 × "WTA / WTA Toronto, Canada Women Singles"
         → ex: "Svitolina, Elina" vs "Bouzas Maneiro, Jessica"
      14 × "Challenger / ATP Challenger Grodzisk Mazowiecki, Poland Men Singles" [obscur]
         → ex: "Moro Canas, Alejandro" vs "Bertrand, Robin"
       8 × "Challenger / ATP Challenger Grodzisk Mazowiecki, Poland Men Doubles" [obscur]
         → ex: "Dev, S D Prajwal / Sinha, Nitin Kumar" vs "Bojarski A / Majchrzak A"
       7 × "Challenger / ATP Challenger Hagen, Germany Men Doubles" [obscur]
         → ex: "Kolar Z / Vocel M" vs "Opitz J / van Sambeek F"
       7 × "Challenger / ATP Challenger Hagen, Germany Men Singles" [obscur]
         → ex: "Monteiro, Thiago" vs "Gentzsch, Tom"

════════════════════════════════════════════════════════════
BETMOMO
  Total : 322 matchs
  36 leagues distinctes
  Sans league : 0
  Suspects tennis de TABLE : 207
  Categorie obscure (ITF/Challenger/UTR/Futures) : 47

  Top 20 leagues :
      25 × "WTA Toronto - Hard"
         → ex: "Kamilla Rakhimova" vs "Katerina Siniakova"
      23 × "ATP Masters Montreal - Hard"
         → ex: "Giovanni Mpetshi Perricard" vs "Botic Van De Zandschulp"
      16 × "WTT Women - Roehampton - Hard" 🚨TT?
         → ex: "Alice Tubello" vs "Angella Okutoyi"
      14 × "WTT Men - Roehampton - Hard" 🚨TT?
         → ex: "Hugo Coquelin" vs "Pablo Perez Ramos"
      13 × "WTT Men - Londrina - Clay" 🚨TT?
         → ex: "Gabriel Augusto Carvalho" vs "Enzo Kohlmann de Freitas"
      13 × "WTT Women - Leipzig - Clay" 🚨TT?
         → ex: "Sohyun Park" vs "Alena Kovackova"
      12 × "ATP Challenger Grodzisk Mazowiecki - Hard" [obscur]
         → ex: "Filip Peliwo" vs "Ivan Marrero Curbelo"
      11 × "ATP Challenger Plovdiv - Clay" [obscur]
         → ex: "Lorenzo Angelini" vs "Petr Nesterov"
      11 × "WTT Men - Fano - Clay" 🚨TT?
         → ex: "Denis Constantin Spiridon" vs "Pietro Romeo Scomparin"
      11 × "WTT Women - Ourense - Hard" 🚨TT?
         → ex: "Rose Marie Nijkamp" vs "Camilla Zanolini"
      11 × "WTT Men - Tauste - Hard" 🚨TT?
         → ex: "Daniel De Jonge" vs "Valentin Gonzalez-Galino"
      10 × "WTT Women - Koksijde - Clay" 🚨TT?
         → ex: "Marie Weckerle" vs "Noemi Basiletti"
      10 × "ATP Challenger Hagen - Clay" [obscur]
         → ex: "Elmer Moller" vs "Jamie Mackenzie"
       9 × "WTT Women - Chacabuco - Clay" 🚨TT?
         → ex: "Giorgia Pedone" vs "Francesca Mattioli"
       9 × "WTT Women - Hameenlinna - Clay" 🚨TT?
         → ex: "Mayuka Aikawa" vs "Daniela Vismane"
       9 × "WTT Women - Astana - Hard" 🚨TT?
         → ex: "Maria Mikhailova" vs "Ha Eum Lee"
       9 × "WTT Women - Kursumlijska Banja - Clay" 🚨TT?
         → ex: "Anastasia Bertacchi" vs "Ustiniya Lekomtseva"
       9 × "ATP Challenger Istanbul - Hard" [obscur]
         → ex: "Arthur Weber" vs "Florent Bax"
       8 × "WTT Men - Frankfurt - Clay" 🚨TT?
         → ex: "Carlos Giraldi" vs "Kirill Kivattsev"
       8 × "WTT Men - Curtea de Arges - Clay" 🚨TT?
         → ex: "Nicolas Robert" vs "Matei Victor Chelemen"
    … +16 autres leagues

  🚨 Sample suspects tennis de TABLE :
      "Giorgia Pedone" vs "Francesca Mattioli" [WTT Women - Chacabuco - Clay]
      "Jimar Geraldine Gerald Gonzalez" vs "Daria Egorova" [WTT Women - Chacabuco - Clay]
      "Lorena Schaedel" vs "Justina Maria Gonzalez Daniele" [WTT Women - Chacabuco - Clay]
      "Berta Bonardi" vs "Victoria Bosio" [WTT Women - Chacabuco - Clay]
      "Maria Florencia Urrutia" vs "Luciana Moyano" [WTT Women - Chacabuco - Clay]

════════════════════════════════════════════════════════════
SPORTYBET
[sportybet:tennis] UPCOMING : 286 matchs listés
  Total : 286 matchs
  52 leagues distinctes
  Sans league : 0
  Suspects tennis de TABLE : 36
  Categorie obscure (ITF/Challenger/UTR/Futures) : 254

  Top 20 leagues :
      10 × "ATP Montreal, Canada Men Singles"
         → ex: "Baez, Sebastian" vs "Bellucci, Mattia"
      10 × "WTA Toronto, Canada Women Singles"
         → ex: "Svitolina, Elina" vs "Bouzas Maneiro, Jessica"
      10 × "ATP Challenger Grodzisk Mazowiecki, Poland Men Singles" [obscur]
         → ex: "Durasovic, Viktor" vs "Geerts, Michael"
      10 × "ATP Challenger Hagen, Germany Men Singles" [obscur]
         → ex: "Molleker, Rudolf" vs "Mrva, Maxim"
      10 × "ATP Challenger Lexington, USA Men Singles" [obscur]
         → ex: "Baris, Ozan" vs "Broady, Liam"
      10 × "ATP Challenger Istanbul 2, Turkiye Men Singles" [obscur]
         → ex: "Bar Biryukov, Petr" vs "Inchauspe, Paul"
      10 × "ATP Challenger Plovdiv 2, Bulgaria Men Singles" [obscur]
         → ex: "Brunclik, Petr" vs "Carboni, Lorenzo"
      10 × "ITF M25 Fano" [obscur]
         → ex: "Vasa, I" vs "Planinsek, F"
      10 × "ITF M25 Londrina" [obscur]
         → ex: "Camargo Lima, E" vs "Costa Goncalves, Vitor"
      10 × "ITF M25+H Tauste" [obscur]
         → ex: "McCormick, T" vs "Almazan Valiente, I"
       8 × "WTA 125K Warsaw, Poland Women Singles"
         → ex: "Ewald, Weronika" vs "Mikulskyte, Justina"
       8 × "ITF M25 Roehampton" [obscur]
         → ex: "Ceban, Mark" vs "Robertson, C"
       8 × "ITF M25 Southaven, MS Qualification" [obscur]
         → ex: "Alejandro Moreno" vs "Gamble, Jon"
       8 × "ITF W100 Landisville, PA Qualification" [obscur]
         → ex: "Ansari, C" vs "Okalova, M"
       8 × "ITF W35 Roehampton" [obscur]
         → ex: "Appleton, E" vs "Griffiths, Edie"
       8 × "ITF W35 Southaven, MS Qualification" [obscur]
         → ex: "Ahn, A" vs "Fakih, K"
       8 × "UTR PTT Auburn Men 02" 🚨TT? [obscur]
         → ex: "Aguiard, Enzo" vs "Kotzen, Andrew"
       7 × "ATP Challenger Hagen, Germany Men Doubles" [obscur]
         → ex: "Bass F / Jans J" vs "Martos Gornes S / Walkow S"
       7 × "ITF W75 Leipzig" [obscur]
         → ex: "Park, Sohyun" vs "Kovackova, A"
       6 × "ITF M15 Frankfurt" [obscur]
         → ex: "Fix, D" vs "Mujakic, A"
    … +32 autres leagues

  🚨 Sample suspects tennis de TABLE :
      "Aguiard, Enzo" vs "Kotzen, Andrew" [UTR PTT Auburn Men 02]
      "Bowers, Tyler" vs "Cordova, Francesco" [UTR PTT Auburn Men 02]
      "Kalinin, Aleksandr" vs "Bonaiuti, Giuseppe" [UTR PTT Auburn Men 02]
      "Phillips, Joseph" vs "Deem, AJ" [UTR PTT Auburn Men 02]
      "Aronson, Stewart" vs "Hilsen, Blake" [UTR PTT Auburn Men 02]

════════════════════════════════════════════════════════════
PREMIERBET
[premierbet] upcoming[2026-08-04]=125 upcoming[2026-08-05]=81 upcoming[2026-08-06]=0 highlights=64 unique=206 kept=206 filtered=(outright:0 virtual:0 horizon:0 noTeams:0 nonFoot:0)
  Total : 206 matchs
  1 leagues distinctes
  Sans league : 206
  Suspects tennis de TABLE : 1
  Categorie obscure (ITF/Challenger/UTR/Futures) : 0

  Top 20 leagues :
     206 × "(sans league)"
         → ex: "Moro Canas, Alejandro" vs "Bertrand, Robin"

  🚨 Sample suspects tennis de TABLE :
      "Scott Duncan / Whitehouse M" vs "Basic M / Dzumhur D" []

════════════════════════════════════════════════════════════
BETPAWA
[betpawa:tennis] UPCOMING : 169 matchs listés (sans startTime)
  Total : 169 matchs
  1 leagues distinctes
  Sans league : 169
  Suspects tennis de TABLE : 0
  Categorie obscure (ITF/Challenger/UTR/Futures) : 0

  Top 20 leagues :
     169 × "(sans league)"
         → ex: "&Jacquemot, Elsa" vs "Lee, Carol Young Suh"

════════════════════════════════════════════════════════════
YELLOWBET
  0 matchs

═══ FIN CHECK-UP ═══
