[12:23:07]   📊 18.20% [Handicap Asiatique -2.5]
[12:23:07]      A: yellowbet   "Dom. -2.5" = 2.44
[12:23:07]      B: apollo      "Ext. +2.5" = 2.45
[12:23:07]   📊 16.10% [Handicap Asiatique -2.5]
[12:23:07]      A: yellowbet   "Dom. -2.5" = 2.44
[12:23:07]      B: congobet    "Ext. +2.5" = 2.33
[12:23:07]   📊 5.13% [Handicap Asiatique -1.5]
[12:23:07]      A: yellowbet   "Dom. -1.5" = 1.64
[12:23:07]      B: sportybet   "Ext. +1.5" = 2.95
[12:23:07]   📊 1.29% [Handicap Asiatique -1.5]
[12:23:07]      A: yellowbet   "Dom. -1.5" = 1.64
[12:23:07]      B: congobet    "Ext. +1.5" = 2.65
[12:23:07] 
[12:23:07] ─── #14 Duncan Chan vs Thiago Agustin Tirante (3 opps) ───
[12:23:07]   ligue: ATP. Montreal | kickoff: 2026-08-04T15:05:00.000Z
[12:23:07]   📊 19.70% [Handicap Asiatique +2.5]
[12:23:07]      A: 1xbet       "Dom. +2.5" = 2.39
[12:23:07]      B: yellowbet   "Ext. -2.5" = 2.6
[12:23:07]   📊 19.70% [Handicap Asiatique +2.5]
[12:23:07]      A: apollo      "Dom. +2.5" = 2.39
[12:23:07]      B: yellowbet   "Ext. -2.5" = 2.6
[12:23:07]   📊 11.27% [Handicap Asiatique +1.5]
[12:23:07]      A: 1xbet       "Dom. +1.5" = 2.77
[12:23:07]      B: yellowbet   "Ext. -1.5" = 1.9
[12:23:07] 
[12:23:07] ─── #15 Taylor Harry Fritz vs Rafael Jodar (10 opps) ───
[12:23:07]   ligue: ATP. Washington | kickoff: 2026-08-03T17:00:00.000Z
[12:23:07]   📊 18.78% [Handicap Asiatique -2.5]
[12:23:07]      A: yellowbet   "Dom. -2.5" = 3.55
[12:23:07]      B: 1xbet       "Ext. +2.5" = 1.89
[12:23:07]   📊 18.07% [Handicap Asiatique -2.5]
[12:23:07]      A: yellowbet   "Dom. -2.5" = 3.55
[12:23:07]      B: sportybet   "Ext. +2.5" = 1.86
[12:23:07]   📊 16.58% [Handicap Asiatique -2.5]
[12:23:07]      A: yellowbet   "Dom. -2.5" = 3.55
[12:23:07]      B: apollo      "Ext. +2.5" = 1.81
[12:23:07]   📊 14.69% [Handicap Asiatique -2.5]
[12:23:07]      A: yellowbet   "Dom. -2.5" = 3.55
[12:23:07]      B: congobet    "Ext. +2.5" = 1.75
[12:23:07]   📊 13.01% [Handicap Asiatique -2.5]
[12:23:07]      A: yellowbet   "Dom. -2.5" = 3.55
[12:23:07]      B: betmomo     "Ext. +2.5" = 1.7
[12:23:07]   📊 5.72% [Handicap Asiatique +1.5]
[12:23:07]      A: 1xbet       "Dom. +1.5" = 1.45
[12:23:07]      B: yellowbet   "Ext. -1.5" = 3.95
[12:23:07]   📊 4.94% [Handicap Asiatique -1.5]
[12:23:07]      A: yellowbet   "Dom. -1.5" = 2.06
[12:23:07]      B: sportybet   "Ext. +1.5" = 2.15
[12:23:07]   📊 4.06% [Handicap Asiatique -1.5]
[12:23:07]      A: yellowbet   "Dom. -1.5" = 2.06
[12:23:07]      B: 1xbet       "Ext. +1.5" = 2.11
[12:23:07]   📊 3.15% [Handicap Asiatique -1.5]
[12:23:07]      A: yellowbet   "Dom. -1.5" = 2.06
[12:23:07]      B: apollo      "Ext. +1.5" = 2.07
[12:23:07]   📊 1.21% [Handicap Asiatique -1.5]
[12:23:07]      A: yellowbet   "Dom. -1.5" = 2.06
[12:23:07]      B: congobet    "Ext. +1.5" = 1.99
[12:23:07] 
[12:23:07] ─── #16 Nicolas Mejia vs Martin Landaluce (5 opps) ───
[12:23:07]   ligue: ATP. Montreal | kickoff: 2026-08-03T15:00:00.000Z
[12:23:07]   📊 17.30% [Handicap Asiatique +2.5]
[12:23:07]      A: 1xbet       "Dom. +2.5" = 2.19
[12:23:07]      B: yellowbet   "Ext. -2.5" = 2.7
[12:23:07]   📊 17.09% [Handicap Asiatique +2.5]
[12:23:07]      A: betmomo     "Dom. +2.5" = 2.18
[12:23:07]      B: yellowbet   "Ext. -2.5" = 2.7
[12:23:07]   📊 16.01% [Handicap Asiatique +2.5]
[12:23:07]      A: congobet    "Dom. +2.5" = 2.13
[12:23:07]      B: yellowbet   "Ext. -2.5" = 2.7
[12:23:07]   📊 11.22% [Handicap Asiatique +1.5]
[12:23:07]      A: 1xbet       "Dom. +1.5" = 2.5
[12:23:07]      B: yellowbet   "Ext. -1.5" = 2.05
[12:23:07]   📊 9.38% [Handicap Asiatique +1.5]
[12:23:07]      A: congobet    "Dom. +1.5" = 2.39
[12:23:07]      B: yellowbet   "Ext. -1.5" = 2.05
[12:23:07] 
[12:23:07] ─── #17 Kamil Majchrzak vs Gael Monfils (3 opps) ───
[12:23:07]   ligue: ATP. Montreal | kickoff: 2026-08-03T23:00:00.000Z
[12:23:07]   📊 17.18% [Handicap Asiatique -2.5]
[12:23:07]      A: yellowbet   "Dom. -2.5" = 2.31
[12:23:07]      B: 1xbet       "Ext. +2.5" = 2.53
[12:23:07]   📊 15.89% [Handicap Asiatique -2.5]
[12:23:07]      A: yellowbet   "Dom. -2.5" = 2.31
[12:23:07]      B: congobet    "Ext. +2.5" = 2.45
[12:23:07]   📊 3.09% [Handicap Asiatique -1.5]
[12:23:07]      A: yellowbet   "Dom. -1.5" = 1.59
[12:23:07]      B: 1xbet       "Ext. +1.5" = 2.94
[12:23:07] 
[12:23:07] ─── #18 Pablo Carreno Busta vs Valentin Royer (6 opps) ───
[12:23:07]   ligue: ATP. Montreal | kickoff: 2026-08-03T23:35:00.000Z
[12:23:07]   📊 16.92% [Handicap Asiatique -2.5]
[12:23:07]      A: yellowbet   "Dom. -2.5" = 3
[12:23:07]      B: apollo      "Ext. +2.5" = 2.01
[12:23:07]   📊 16.67% [Handicap Asiatique -2.5]
[12:23:07]      A: yellowbet   "Dom. -2.5" = 3
[12:23:07]      B: 1xbet       "Ext. +2.5" = 2
[12:23:07]   📊 16.67% [Handicap Asiatique -2.5]
[12:23:07]      A: yellowbet   "Dom. -2.5" = 3
[12:23:07]      B: betmomo     "Ext. +2.5" = 2
[12:23:07]   📊 15.12% [Handicap Asiatique -2.5]
[12:23:07]      A: yellowbet   "Dom. -2.5" = 3
[12:23:07]      B: congobet    "Ext. +2.5" = 1.94
[12:23:07]   📊 2.28% [Handicap Asiatique -1.5]
[12:23:07]      A: yellowbet   "Dom. -1.5" = 1.85
[12:23:07]      B: apollo      "Ext. +1.5" = 2.29
[12:23:07]   📊 2.09% [Handicap Asiatique -1.5]
[12:23:07]      A: yellowbet   "Dom. -1.5" = 1.85
[12:23:07]      B: 1xbet       "Ext. +1.5" = 2.28
[12:23:07] 
[12:23:07] ─── #19 Aleksandar Vukic vs Daniel Altmaier (7 opps) ───
[12:23:07]   ligue: ATP. Montreal | kickoff: 2026-08-03T16:30:00.000Z
[12:23:07]   📊 15.20% [Handicap Asiatique -2.5]
[12:23:07]      A: yellowbet   "Dom. -2.5" = 3.35
[12:23:07]      B: sportybet   "Ext. +2.5" = 1.82
[12:23:07]   📊 13.65% [Handicap Asiatique -2.5]
[12:23:07]      A: yellowbet   "Dom. -2.5" = 3.35
[12:23:07]      B: apollo      "Ext. +2.5" = 1.77
[12:23:07]   📊 13.17% [Handicap Asiatique -2.5]
[12:23:07]      A: yellowbet   "Dom. -2.5" = 3.35
[12:23:07]      B: 1xbet       "Ext. +2.5" = 1.76
[12:23:07]   📊 11.67% [Handicap Asiatique -2.5]
[12:23:07]      A: yellowbet   "Dom. -2.5" = 3.35
[12:23:07]      B: congobet    "Ext. +2.5" = 1.71
[12:23:07]   📊 11.67% [Handicap Asiatique -2.5]
[12:23:07]      A: yellowbet   "Dom. -2.5" = 3.35
[12:23:07]      B: betmomo     "Ext. +2.5" = 1.71
[12:23:07]   📊 4.11% [Handicap Asiatique +1.5]
[12:23:07]      A: 1xbet       "Dom. +1.5" = 1.46
[12:23:07]      B: yellowbet   "Ext. -1.5" = 3.65
[12:23:07]   📊 1.96% [Handicap Asiatique -1.5]
[12:23:07]      A: yellowbet   "Dom. -1.5" = 2.03
[12:23:07]      B: sportybet   "Ext. +1.5" = 2.05
[12:23:07] 
[12:23:07] ─── #20 Emerson Jones vs Lanlana Tararudee (4 opps) ───
[12:23:07]   ligue: WTA. Toronto | kickoff: 2026-08-03T18:00:00.000Z
[12:23:07]   📊 15.20% [Handicap Asiatique +2.5]
[12:23:07]      A: congobet    "Dom. +2.5" = 2.42
[12:23:07]      B: yellowbet   "Ext. -2.5" = 2.3
[12:23:07]   📊 13.42% [Handicap Asiatique +2.5]
[12:23:07]      A: 1xbet       "Dom. +2.5" = 2.32
[12:23:07]      B: yellowbet   "Ext. -2.5" = 2.3
[12:23:07]   📊 9.91% [Handicap Asiatique +1.5]
[12:23:07]      A: congobet    "Dom. +1.5" = 2.65
[12:23:07]      B: yellowbet   "Ext. -1.5" = 1.91
[12:23:07]   📊 8.12% [Handicap Asiatique +1.5]
[12:23:07]      A: 1xbet       "Dom. +1.5" = 2.53
[12:23:07]      B: yellowbet   "Ext. -1.5" = 1.91
[12:23:07] 
[12:23:07] ─── #21 Fearnley, Jacob vs Mannarino, Adrian (4 opps) ───
[12:23:07]   ligue: /103/25570/58432/ | kickoff: 2026-08-03T17:20:00.000Z
[12:23:07]   📊 15.13% [Handicap Asiatique -2.5]
[12:23:07]      A: yellowbet   "Dom. -2.5" = 3.05
[12:23:07]      B: sportybet   "Ext. +2.5" = 1.92
[12:23:07]   📊 13.74% [Handicap Asiatique -2.5]
[12:23:07]      A: yellowbet   "Dom. -2.5" = 3.05
[12:23:07]      B: apollo      "Ext. +2.5" = 1.87
[12:23:07]   📊 11.66% [Handicap Asiatique -2.5]
[12:23:07]      A: yellowbet   "Dom. -2.5" = 3.05
[12:23:07]      B: congobet    "Ext. +2.5" = 1.8
[12:23:07]   📊 1.41% [Handicap Asiatique -1.5]
[12:23:07]      A: yellowbet   "Dom. -1.5" = 1.92
[12:23:07]      B: sportybet   "Ext. +1.5" = 2.15
[12:23:07] 
[12:23:07] ─── #22 Alina Korneeva vs Polina Kudermetova (5 opps) ───
[12:23:07]   ligue: WTA. Toronto | kickoff: 2026-08-03T15:05:00.000Z
[12:23:07]   📊 15.07% [Handicap Asiatique -2.5]
[12:23:07]      A: yellowbet   "Dom. -2.5" = 2.47
[12:23:07]      B: sportybet   "Ext. +2.5" = 2.25
[12:23:07]   📊 14.06% [Handicap Asiatique -2.5]
[12:23:07]      A: yellowbet   "Dom. -2.5" = 2.47
[12:23:07]      B: 1xbet       "Ext. +2.5" = 2.2
[12:23:07]   📊 14.06% [Handicap Asiatique -2.5]
[12:23:07]      A: yellowbet   "Dom. -2.5" = 2.47
[12:23:07]      B: congobet    "Ext. +2.5" = 2.2
[12:23:07]   📊 13.43% [Handicap Asiatique -2.5]
[12:23:07]      A: yellowbet   "Dom. -2.5" = 2.47
[12:23:07]      B: apollo      "Ext. +2.5" = 2.17
[12:23:07]   📊 12.79% [Handicap Asiatique -2.5]
[12:23:07]      A: yellowbet   "Dom. -2.5" = 2.47
[12:23:07]      B: betmomo     "Ext. +2.5" = 2.14
[12:23:07] 
[12:23:07] ─── #23 Talia Gibson vs Elisabetta Cocciaretto (10 opps) ───
[12:23:07]   ligue: WTA. Toronto | kickoff: 2026-08-03T16:30:00.000Z
[12:23:07]   📊 14.83% [Handicap Asiatique +2.5]
[12:23:07]      A: sportybet   "Dom. +2.5" = 1.89
[12:23:07]      B: yellowbet   "Ext. -2.5" = 3.1
[12:23:07]   📊 13.69% [Handicap Asiatique +2.5]
[12:23:07]      A: congobet    "Dom. +2.5" = 1.85
[12:23:07]      B: yellowbet   "Ext. -2.5" = 3.1
[12:23:07]   📊 13.39% [Handicap Asiatique +2.5]
[12:23:07]      A: betmomo     "Dom. +2.5" = 1.84
[12:23:07]      B: yellowbet   "Ext. -2.5" = 3.1
[12:23:07]   📊 13.10% [Handicap Asiatique +2.5]
[12:23:07]      A: 1xbet       "Dom. +2.5" = 1.83
[12:23:07]      B: yellowbet   "Ext. -2.5" = 3.1
[12:23:07]   📊 13.10% [Handicap Asiatique +2.5]
[12:23:07]      A: apollo      "Dom. +2.5" = 1.83
[12:23:07]      B: yellowbet   "Ext. -2.5" = 3.1
[12:23:07]   📊 9.20% [Handicap Asiatique +1.5]
[12:23:07]      A: sportybet   "Dom. +1.5" = 2.05
[12:23:07]      B: yellowbet   "Ext. -1.5" = 2.38
[12:23:07]   📊 8.72% [Handicap Asiatique +1.5]
[12:23:07]      A: congobet    "Dom. +1.5" = 2.03
[12:23:07]      B: yellowbet   "Ext. -1.5" = 2.38
[12:23:07]   📊 8.23% [Handicap Asiatique +1.5]
[12:23:07]      A: apollo      "Dom. +1.5" = 2.01
[12:23:07]      B: yellowbet   "Ext. -1.5" = 2.38
[12:23:07]   📊 7.98% [Handicap Asiatique +1.5]
[12:23:07]      A: 1xbet       "Dom. +1.5" = 2
[12:23:07]      B: yellowbet   "Ext. -1.5" = 2.38
[12:23:07]   📊 7.98% [Handicap Asiatique +1.5]
[12:23:07]      A: betmomo     "Dom. +1.5" = 2
[12:23:07]      B: yellowbet   "Ext. -1.5" = 2.38
[12:23:07] 
[12:23:07] ─── #24 Yulia Putintseva vs Shuai Zhang (5 opps) ───
[12:23:07]   ligue: WTA. Toronto | kickoff: 2026-08-03T18:00:00.000Z
[12:23:07]   📊 14.68% [Handicap Asiatique -2.5]
[12:23:07]      A: yellowbet   "Dom. -2.5" = 2.39
[12:23:07]      B: sportybet   "Ext. +2.5" = 2.3
[12:23:07]   📊 13.71% [Handicap Asiatique -2.5]
[12:23:07]      A: yellowbet   "Dom. -2.5" = 2.39
[12:23:07]      B: congobet    "Ext. +2.5" = 2.25
[12:23:07]   📊 13.32% [Handicap Asiatique -2.5]
[12:23:07]      A: yellowbet   "Dom. -2.5" = 2.39
[12:23:07]      B: apollo      "Ext. +2.5" = 2.23
[12:23:07]   📊 13.11% [Handicap Asiatique -2.5]
[12:23:07]      A: yellowbet   "Dom. -2.5" = 2.39
[12:23:07]      B: betmomo     "Ext. +2.5" = 2.22
[12:23:07]   📊 12.29% [Handicap Asiatique -2.5]
[12:23:07]      A: yellowbet   "Dom. -2.5" = 2.39
[12:23:07]      B: 1xbet       "Ext. +2.5" = 2.18
[12:23:07] 
[12:23:07] ─── #25 Anhelina Kalinina vs Anna Bondar (5 opps) ───
[12:23:07]   ligue: WTA. Toronto | kickoff: 2026-08-03T15:05:00.000Z
[12:23:07]   📊 14.65% [Handicap Asiatique -2.5]
[12:23:07]      A: yellowbet   "Dom. -2.5" = 2.65
[12:23:07]      B: sportybet   "Ext. +2.5" = 2.1
[12:23:07]   📊 13.95% [Handicap Asiatique -2.5]
[12:23:07]      A: yellowbet   "Dom. -2.5" = 2.65
[12:23:07]      B: congobet    "Ext. +2.5" = 2.07
[12:23:07]   📊 13.48% [Handicap Asiatique -2.5]
[12:23:07]      A: yellowbet   "Dom. -2.5" = 2.65
[12:23:07]      B: apollo      "Ext. +2.5" = 2.05
[12:23:07]   📊 12.76% [Handicap Asiatique -2.5]
[12:23:07]      A: yellowbet   "Dom. -2.5" = 2.65
[12:23:07]      B: 1xbet       "Ext. +2.5" = 2.02
[12:23:07]   📊 11.50% [Handicap Asiatique -2.5]
[12:23:07]      A: yellowbet   "Dom. -2.5" = 2.65
[12:23:07]      B: betmomo     "Ext. +2.5" = 1.97
[12:23:07] 
[12:23:07] ─── #26 Hurkacz, Hubert vs Giron, Marcos (4 opps) ───
[12:23:07]   ligue: /103/25570/58432/ | kickoff: 2026-08-03T18:00:00.000Z
[12:23:07]   📊 14.14% [Handicap Asiatique -2.5]
[12:23:07]      A: yellowbet   "Dom. -2.5" = 3.3
[12:23:07]      B: apollo      "Ext. +2.5" = 1.8
[12:23:07]   📊 11.89% [Handicap Asiatique -2.5]
[12:23:07]      A: yellowbet   "Dom. -2.5" = 3.3
[12:23:07]      B: congobet    "Ext. +2.5" = 1.73
[12:23:07]   📊 4.71% [Handicap Asiatique -1.5]
[12:23:07]      A: yellowbet   "Dom. -1.5" = 2.15
[12:23:07]      B: apollo      "Ext. +1.5" = 2.05
[12:23:07]   📊 2.73% [Handicap Asiatique -1.5]
[12:23:07]      A: yellowbet   "Dom. -1.5" = 2.15
[12:23:07]      B: congobet    "Ext. +1.5" = 1.97
[12:23:07] 
[12:23:07] ─── #27 Tereza Valentova vs Taylor Townsend (2 opps) ───
[12:23:07]   ligue: WTA. Toronto | kickoff: 2026-08-03T21:05:00.000Z
[12:23:07]   📊 13.64% [Handicap Asiatique -2.5]
[12:23:07]      A: yellowbet   "Dom. -2.5" = 2.47
[12:23:07]      B: 1xbet       "Ext. +2.5" = 2.18
[12:23:07]   📊 11.44% [Handicap Asiatique -2.5]
[12:23:07]      A: yellowbet   "Dom. -2.5" = 2.47
[12:23:07]      B: betmomo     "Ext. +2.5" = 2.08
[12:23:07] 
[12:23:07] ─── #28 Nikola Bartunkova vs Bianca Vanessa (2 opps) ───
[12:23:07]   ligue: WTA. Toronto | kickoff: 2026-08-03T18:00:00.000Z
[12:23:07]   📊 13.19% [Handicap Asiatique -2.5]
[12:23:07]      A: yellowbet   "Dom. -2.5" = 3
[12:23:07]      B: 1xbet       "Ext. +2.5" = 1.87
[12:23:07]   📊 12.90% [Handicap Asiatique -2.5]
[12:23:07]      A: yellowbet   "Dom. -2.5" = 3
[12:23:07]      B: congobet    "Ext. +2.5" = 1.86
[12:23:07] 
[12:23:07] ─── #29 Alexei Popyrin vs Roman Andres (3 opps) ───
[12:23:07]   ligue: ATP. Montreal | kickoff: 2026-08-04T15:05:00.000Z
[12:23:07]   📊 13.05% [Handicap Asiatique -2.5]
[12:23:07]      A: yellowbet   "Dom. -2.5" = 3.25
[12:23:07]      B: apollo      "Ext. +2.5" = 1.78
[12:23:07]   📊 12.54% [Handicap Asiatique -2.5]
[12:23:07]      A: yellowbet   "Dom. -2.5" = 3.25
[12:23:07]      B: 1xbet       "Ext. +2.5" = 1.76
[12:23:07]   📊 11.09% [Handicap Asiatique -2.5]
[12:23:07]      A: yellowbet   "Dom. -2.5" = 3.25
[12:23:07]      B: congobet    "Ext. +2.5" = 1.72
[12:23:07] 
[12:23:07] ─── #30 Daniel Merida Aguilar vs Liam Draxl (6 opps) ───
[12:23:07]   ligue: ATP. Montreal | kickoff: 2026-08-03T22:05:00.000Z
[12:23:07]   📊 12.87% [Handicap Asiatique -2.5]
[12:23:07]      A: yellowbet   "Dom. -2.5" = 3.45
[12:23:07]      B: betmomo     "Ext. +2.5" = 1.72
[12:23:07]   📊 12.53% [Handicap Asiatique -2.5]
[12:23:07]      A: yellowbet   "Dom. -2.5" = 3.45
[12:23:07]      B: 1xbet       "Ext. +2.5" = 1.71
[12:23:07]   📊 11.84% [Handicap Asiatique -2.5]
[12:23:07]      A: yellowbet   "Dom. -2.5" = 3.45
[12:23:07]      B: apollo      "Ext. +2.5" = 1.69
[12:23:07]   📊 10.04% [Handicap Asiatique -2.5]
[12:23:07]      A: yellowbet   "Dom. -2.5" = 3.45
[12:23:07]      B: congobet    "Ext. +2.5" = 1.64
[12:23:07]   📊 3.91% [Handicap Asiatique +1.5]
[12:23:07]      A: 1xbet       "Dom. +1.5" = 1.52
[12:23:07]      B: yellowbet   "Ext. -1.5" = 3.3
[12:23:07]   📊 0.79% [Handicap Asiatique -1.5]
[12:23:07]      A: yellowbet   "Dom. -1.5" = 2.11
[12:23:07]      B: betmomo     "Ext. +1.5" = 1.93
[12:23:07] 
[12:23:07] ─── #31 Kamilla Rakhimova vs Katerina Siniakova (3 opps) ───
[12:23:07]   ligue: WTA. Toronto | kickoff: 2026-08-04T15:05:00.000Z
[12:23:07]   📊 12.73% [Handicap Asiatique +2.5]
[12:23:07]      A: apollo      "Dom. +2.5" = 2.13
[12:23:07]      B: yellowbet   "Ext. -2.5" = 2.48
[12:23:07]   📊 11.60% [Handicap Asiatique +2.5]
[12:23:07]      A: 1xbet       "Dom. +2.5" = 2.08
[12:23:07]      B: yellowbet   "Ext. -2.5" = 2.48
[12:23:07]   📊 8.44% [Handicap Asiatique +1.5]
[12:23:07]      A: 1xbet       "Dom. +1.5" = 2.3
[12:23:07]      B: yellowbet   "Ext. -1.5" = 2.08
[12:23:07] 
[12:23:07] ─── #32 Janice Tjen vs Liudmila Samsonova (4 opps) ───
[12:23:07]   ligue: WTA. Toronto | kickoff: 2026-08-03T19:35:00.000Z
[12:23:07]   📊 12.51% [Handicap Asiatique +2.5]
[12:23:07]      A: 1xbet       "Dom. +2.5" = 2.01
[12:23:07]      B: yellowbet   "Ext. -2.5" = 2.65
[12:23:07]   📊 11.24% [Handicap Asiatique +2.5]
[12:23:07]      A: betmomo     "Dom. +2.5" = 1.96
[12:23:07]      B: yellowbet   "Ext. -2.5" = 2.65
[12:23:07]   📊 9.30% [Handicap Asiatique +1.5]
[12:23:07]      A: 1xbet       "Dom. +1.5" = 2.2
[12:23:07]      B: yellowbet   "Ext. -1.5" = 2.21
[12:23:07]   📊 7.36% [Handicap Asiatique +1.5]
[12:23:07]      A: betmomo     "Dom. +1.5" = 2.11
[12:23:07]      B: yellowbet   "Ext. -1.5" = 2.21
[12:23:07] 
[12:23:07] ─── #33 Panna Udvardy vs Eva Lys (7 opps) ───
[12:23:07]   ligue: WTA. Toronto | kickoff: 2026-08-03T21:05:00.000Z
[12:23:07]   📊 12.51% [Handicap Asiatique +2.5]
[12:23:07]      A: congobet    "Dom. +2.5" = 2.12
[12:23:07]      B: yellowbet   "Ext. -2.5" = 2.48
[12:23:07]   📊 12.06% [Handicap Asiatique +2.5]
[12:23:07]      A: apollo      "Dom. +2.5" = 2.1
[12:23:07]      B: yellowbet   "Ext. -2.5" = 2.48
[12:23:07]   📊 11.60% [Handicap Asiatique +2.5]
[12:23:07]      A: 1xbet       "Dom. +2.5" = 2.08
[12:23:07]      B: yellowbet   "Ext. -2.5" = 2.48
[12:23:07]   📊 10.90% [Handicap Asiatique +2.5]
[12:23:07]      A: betmomo     "Dom. +2.5" = 2.05
[12:23:07]      B: yellowbet   "Ext. -2.5" = 2.48
[12:23:07]   📊 9.32% [Handicap Asiatique +1.5]
[12:23:07]      A: congobet    "Dom. +1.5" = 2.31
[12:23:07]      B: yellowbet   "Ext. -1.5" = 2.11
[12:23:07]   📊 8.75% [Handicap Asiatique +1.5]
[12:23:07]      A: 1xbet       "Dom. +1.5" = 2.28
[12:23:07]      B: yellowbet   "Ext. -1.5" = 2.11
[12:23:07]   📊 7.76% [Handicap Asiatique +1.5]
[12:23:07]      A: betmomo     "Dom. +1.5" = 2.23
[12:23:07]      B: yellowbet   "Ext. -1.5" = 2.11
[12:23:07] 
[12:23:07] ─── #34 Diane Parry vs Kayla Day (10 opps) ───
[12:23:07]   ligue: WTA. Toronto | kickoff: 2026-08-03T15:05:00.000Z
[12:23:07]   📊 12.02% [Handicap Asiatique +2.5]
[12:23:07]      A: betmomo     "Dom. +2.5" = 1.83
[12:23:07]      B: yellowbet   "Ext. -2.5" = 3
[12:23:07]   📊 11.72% [Handicap Asiatique +2.5]
[12:23:07]      A: sportybet   "Dom. +2.5" = 1.82
[12:23:07]      B: yellowbet   "Ext. -2.5" = 3
[12:23:07]   📊 10.80% [Handicap Asiatique +2.5]
[12:23:07]      A: congobet    "Dom. +2.5" = 1.79
[12:23:07]      B: yellowbet   "Ext. -2.5" = 3
[12:23:07]   📊 10.17% [Handicap Asiatique +2.5]
[12:23:07]      A: 1xbet       "Dom. +2.5" = 1.77
[12:23:07]      B: yellowbet   "Ext. -2.5" = 3
[12:23:07]   📊 10.17% [Handicap Asiatique +2.5]
[12:23:07]      A: apollo      "Dom. +2.5" = 1.77
[12:23:07]      B: yellowbet   "Ext. -2.5" = 3
[12:23:07]   📊 9.84% [Handicap Asiatique +1.5]
[12:23:07]      A: betmomo     "Dom. +1.5" = 2
[12:23:07]      B: yellowbet   "Ext. -1.5" = 2.49
[12:23:07]   📊 9.08% [Handicap Asiatique +1.5]
[12:23:07]      A: sportybet   "Dom. +1.5" = 1.97
[12:23:07]      B: yellowbet   "Ext. -1.5" = 2.49
[12:23:07]   📊 8.03% [Handicap Asiatique +1.5]
[12:23:07]      A: 1xbet       "Dom. +1.5" = 1.93
[12:23:07]      B: yellowbet   "Ext. -1.5" = 2.49
[12:23:07]   📊 8.03% [Handicap Asiatique +1.5]
[12:23:07]      A: congobet    "Dom. +1.5" = 1.93
[12:23:07]      B: yellowbet   "Ext. -1.5" = 2.49
[12:23:07]   📊 7.48% [Handicap Asiatique +1.5]
[12:23:07]      A: apollo      "Dom. +1.5" = 1.91
[12:23:07]      B: yellowbet   "Ext. -1.5" = 2.49
[12:23:07] 
[12:23:07] ─── #35 Diallo, Gabriel vs Jacquet, Kyrian (6 opps) ───
[12:23:07]   ligue: /103/25570/58432/ | kickoff: 2026-08-03T17:00:00.000Z
[12:23:07]   📊 11.98% [Handicap Asiatique -2.5]
[12:23:07]      A: yellowbet   "Dom. -2.5" = 3.75
[12:23:07]      B: sportybet   "Ext. +2.5" = 1.63
[12:23:07]   📊 9.64% [Handicap Asiatique -2.5]
[12:23:07]      A: yellowbet   "Dom. -2.5" = 3.75
[12:23:07]      B: betmomo     "Ext. +2.5" = 1.57
[12:23:07]   📊 8.82% [Handicap Asiatique -2.5]
[12:23:07]      A: yellowbet   "Dom. -2.5" = 3.75
[12:23:07]      B: congobet    "Ext. +2.5" = 1.55
[12:23:07]   📊 7.28% [Handicap Asiatique +1.5]
[12:23:07]      A: sportybet   "Dom. +1.5" = 1.64
[12:23:07]      B: yellowbet   "Ext. -1.5" = 3.15
[12:23:07]   📊 6.53% [Handicap Asiatique +1.5]
[12:23:07]      A: betmomo     "Dom. +1.5" = 1.62
[12:23:07]      B: yellowbet   "Ext. -1.5" = 3.15
[12:23:07]   📊 4.15% [Handicap Asiatique +1.5]
[12:23:07]      A: congobet    "Dom. +1.5" = 1.56
[12:23:07]      B: yellowbet   "Ext. -1.5" = 3.15
[12:23:07] 
[12:23:07] ─── #36 Luca Van Assche vs Titouan Droguet (7 opps) ───
[12:23:07]   ligue: ATP. Montreal | kickoff: 2026-08-03T15:05:00.000Z
[12:23:07]   📊 11.96% [Handicap Asiatique -2.5]
[12:23:07]      A: yellowbet   "Dom. -2.5" = 3.8
[12:23:07]      B: sportybet   "Ext. +2.5" = 1.62
[12:23:07]   📊 9.99% [Handicap Asiatique -2.5]
[12:23:07]      A: yellowbet   "Dom. -2.5" = 3.8
[12:23:07]      B: 1xbet       "Ext. +2.5" = 1.57
[12:23:07]   📊 9.17% [Handicap Asiatique -2.5]
[12:23:07]      A: yellowbet   "Dom. -2.5" = 3.8
[12:23:07]      B: congobet    "Ext. +2.5" = 1.55
[12:23:07]   📊 7.86% [Handicap Asiatique +1.5]
[12:23:07]      A: sportybet   "Dom. +1.5" = 1.67
[12:23:07]      B: yellowbet   "Ext. -1.5" = 3.1
[12:23:07]   📊 6.77% [Handicap Asiatique +1.5]
[12:23:07]      A: 1xbet       "Dom. +1.5" = 1.64
[12:23:07]      B: yellowbet   "Ext. -1.5" = 3.1
[12:23:07]   📊 6.77% [Handicap Asiatique +1.5]
[12:23:07]      A: betmomo     "Dom. +1.5" = 1.64
[12:23:07]      B: yellowbet   "Ext. -1.5" = 3.1
[12:23:07]   📊 4.85% [Handicap Asiatique +1.5]
[12:23:07]      A: congobet    "Dom. +1.5" = 1.59
[12:23:07]      B: yellowbet   "Ext. -1.5" = 3.1
[12:23:07] 
[12:23:07] ─── #37 Yulia Starodubtsewa vs Maya Joint (1 opp) ───
[12:23:07]   ligue: WTA. Toronto | kickoff: 2026-08-03T19:35:00.000Z
[12:23:07]   📊 11.56% [Handicap Asiatique -2.5]
[12:23:07]      A: yellowbet   "Dom. -2.5" = 3.15
[12:23:07]      B: 1xbet       "Ext. +2.5" = 1.76
[12:23:07] 
[12:23:07] ─── #38 Mochizuki, Shintaro vs Marozsan, Fabian (3 opps) ───
[12:23:07]   ligue: /103/25570/58432/ | kickoff: 2026-08-03T19:40:00.000Z
[12:23:07]   📊 11.52% [Handicap Asiatique +2.5]
[12:23:07]      A: apollo      "Dom. +2.5" = 2.03
[12:23:07]      B: yellowbet   "Ext. -2.5" = 2.55
[12:23:07]   📊 9.50% [Handicap Asiatique +2.5]
[12:23:07]      A: congobet    "Dom. +2.5" = 1.95
[12:23:07]      B: yellowbet   "Ext. -2.5" = 2.55
[12:23:07]   📊 7.79% [Handicap Asiatique +1.5]
[12:23:07]      A: congobet    "Dom. +1.5" = 2.12
[12:23:07]      B: yellowbet   "Ext. -1.5" = 2.22
[12:23:07] 
[12:23:07] ─── #39 Rebecca Sramkova vs Anna Blinkova (10 opps) ───
[12:23:07]   ligue: WTA. Toronto | kickoff: 2026-08-03T16:30:00.000Z
[12:23:07]   📊 11.15% [Handicap Asiatique +2.5]
[12:23:07]      A: sportybet   "Dom. +2.5" = 1.86
[12:23:07]      B: yellowbet   "Ext. -2.5" = 2.85
[12:23:07]   📊 10.27% [Handicap Asiatique +2.5]
[12:23:07]      A: congobet    "Dom. +2.5" = 1.83
[12:23:07]      B: yellowbet   "Ext. -2.5" = 2.85
[12:23:07]   📊 9.66% [Handicap Asiatique +2.5]
[12:23:07]      A: apollo      "Dom. +2.5" = 1.81
[12:23:07]      B: yellowbet   "Ext. -2.5" = 2.85
[12:23:07]   📊 9.18% [Handicap Asiatique +1.5]
[12:23:07]      A: sportybet   "Dom. +1.5" = 2
[12:23:07]      B: yellowbet   "Ext. -1.5" = 2.45
[12:23:07]   📊 9.05% [Handicap Asiatique +2.5]
[12:23:07]      A: 1xbet       "Dom. +2.5" = 1.79
[12:23:07]      B: yellowbet   "Ext. -2.5" = 2.85
[12:23:07]   📊 8.73% [Handicap Asiatique +2.5]
[12:23:07]      A: betmomo     "Dom. +2.5" = 1.78
[12:23:07]      B: yellowbet   "Ext. -2.5" = 2.85
[12:23:07]   📊 8.16% [Handicap Asiatique +1.5]
[12:23:07]      A: congobet    "Dom. +1.5" = 1.96
[12:23:07]      B: yellowbet   "Ext. -1.5" = 2.45
[12:23:07]   📊 7.64% [Handicap Asiatique +1.5]
[12:23:07]      A: apollo      "Dom. +1.5" = 1.94
[12:23:07]      B: yellowbet   "Ext. -1.5" = 2.45
[12:23:07]   📊 7.64% [Handicap Asiatique +1.5]
[12:23:07]      A: betmomo     "Dom. +1.5" = 1.94
[12:23:07]      B: yellowbet   "Ext. -1.5" = 2.45
[12:23:07]   📊 7.37% [Handicap Asiatique +1.5]
[12:23:07]      A: 1xbet       "Dom. +1.5" = 1.93
[12:23:07]      B: yellowbet   "Ext. -1.5" = 2.45
[12:23:07] 
[12:23:07] ─── #40 Maria, Tatjana vs McNally, Catherine (4 opps) ───
[12:23:07]   ligue: /103/26252/58444/ | kickoff: 2026-08-03T19:45:00.000Z
[12:23:07]   📊 10.73% [Handicap Asiatique +2.5]
[12:23:07]      A: congobet    "Dom. +2.5" = 1.89
[12:23:07]      B: yellowbet   "Ext. -2.5" = 2.75
[12:23:07]   📊 10.44% [Handicap Asiatique +2.5]
[12:23:07]      A: apollo      "Dom. +2.5" = 1.88
[12:23:07]      B: yellowbet   "Ext. -2.5" = 2.75
[12:23:07]   📊 8.67% [Handicap Asiatique +1.5]
[12:23:07]      A: congobet    "Dom. +1.5" = 2.05
[12:23:07]      B: yellowbet   "Ext. -1.5" = 2.35
[12:23:07]   📊 7.94% [Handicap Asiatique +1.5]
[12:23:07]      A: apollo      "Dom. +1.5" = 2.02
[12:23:07]      B: yellowbet   "Ext. -1.5" = 2.35
[12:23:07] 
[12:23:07] ─── #41 Renata Zarazua vs Tamara Korpatsch (2 opps) ───
[12:23:07]   ligue: WTA. Toronto | kickoff: 2026-08-03T21:00:00.000Z
[12:23:07]   📊 10.73% [Handicap Asiatique -2.5]
[12:23:07]      A: yellowbet   "Dom. -2.5" = 2.75
[12:23:07]      B: betmomo     "Ext. +2.5" = 1.89
[12:23:07]   📊 10.44% [Handicap Asiatique -2.5]
[12:23:07]      A: yellowbet   "Dom. -2.5" = 2.75
[12:23:07]      B: 1xbet       "Ext. +2.5" = 1.88
[12:23:07] 
[12:23:07] ─── #42 Victoria Jimenez vs Alycia Parks (4 opps) ───
[12:23:07]   ligue: WTA. Toronto | kickoff: 2026-08-03T19:35:00.000Z
[12:23:07]   📊 10.56% [Handicap Asiatique +2.5]
[12:23:07]      A: 1xbet       "Dom. +2.5" = 1.84
[12:23:07]      B: yellowbet   "Ext. -2.5" = 2.85
[12:23:07]   📊 10.56% [Handicap Asiatique +2.5]
[12:23:07]      A: betmomo     "Dom. +2.5" = 1.84
[12:23:07]      B: yellowbet   "Ext. -2.5" = 2.85
[12:23:07]   📊 7.45% [Handicap Asiatique +1.5]
[12:23:07]      A: betmomo     "Dom. +1.5" = 2
[12:23:07]      B: yellowbet   "Ext. -1.5" = 2.35
[12:23:07]   📊 7.20% [Handicap Asiatique +1.5]
[12:23:07]      A: 1xbet       "Dom. +1.5" = 1.99
[12:23:07]      B: yellowbet   "Ext. -1.5" = 2.35
[12:23:07] 
[12:23:07] ─── #43 Elena Gabriela Ruse vs Peyton Stearns (10 opps) ───
[12:23:07]   ligue: WTA. Toronto | kickoff: 2026-08-03T16:30:00.000Z
[12:23:07]   📊 10.55% [Handicap Asiatique +2.5]
[12:23:07]      A: sportybet   "Dom. +2.5" = 1.8
[12:23:07]      B: yellowbet   "Ext. -2.5" = 2.95
[12:23:07]   📊 9.60% [Handicap Asiatique +2.5]
[12:23:07]      A: congobet    "Dom. +2.5" = 1.77
[12:23:07]      B: yellowbet   "Ext. -2.5" = 2.95
[12:23:07]   📊 8.97% [Handicap Asiatique +1.5]
[12:23:07]      A: sportybet   "Dom. +1.5" = 1.93
[12:23:07]      B: yellowbet   "Ext. -1.5" = 2.55
[12:23:07]   📊 8.96% [Handicap Asiatique +2.5]
[12:23:07]      A: apollo      "Dom. +2.5" = 1.75
[12:23:07]      B: yellowbet   "Ext. -2.5" = 2.95
[12:23:07]   📊 7.87% [Handicap Asiatique +1.5]
[12:23:07]      A: congobet    "Dom. +1.5" = 1.89
[12:23:07]      B: yellowbet   "Ext. -1.5" = 2.55
[12:23:07]   📊 7.62% [Handicap Asiatique +2.5]
[12:23:07]      A: 1xbet       "Dom. +2.5" = 1.71
[12:23:07]      B: yellowbet   "Ext. -2.5" = 2.95
[12:23:07]   📊 7.31% [Handicap Asiatique +1.5]
[12:23:07]      A: apollo      "Dom. +1.5" = 1.87
[12:23:07]      B: yellowbet   "Ext. -1.5" = 2.55
[12:23:07]   📊 7.28% [Handicap Asiatique +2.5]
[12:23:07]      A: betmomo     "Dom. +2.5" = 1.7
[12:23:07]      B: yellowbet   "Ext. -2.5" = 2.95
[12:23:07]   📊 7.02% [Handicap Asiatique +1.5]
[12:23:07]      A: 1xbet       "Dom. +1.5" = 1.86
[12:23:07]      B: yellowbet   "Ext. -1.5" = 2.55
[12:23:07]   📊 6.14% [Handicap Asiatique +1.5]
[12:23:07]      A: betmomo     "Dom. +1.5" = 1.83
[12:23:07]      B: yellowbet   "Ext. -1.5" = 2.55
[12:23:07] 
[12:23:07] ─── #44 Fucsovics, Marton vs Moutet, Corentin (4 opps) ───
[12:23:07]   ligue: /103/25570/58432/ | kickoff: 2026-08-03T16:50:00.000Z
[12:23:07]   📊 10.26% [Handicap Asiatique -2.5]
[12:23:07]      A: yellowbet   "Dom. -2.5" = 3.9
[12:23:07]      B: sportybet   "Ext. +2.5" = 1.56
[12:23:07]   📊 8.37% [Handicap Asiatique +1.5]
[12:23:07]      A: sportybet   "Dom. +1.5" = 1.75
[12:23:07]      B: yellowbet   "Ext. -1.5" = 2.9
[12:23:07]   📊 6.69% [Handicap Asiatique +1.5]
[12:23:07]      A: apollo      "Dom. +1.5" = 1.7
[12:23:07]      B: yellowbet   "Ext. -1.5" = 2.9
[12:23:07]   📊 4.91% [Handicap Asiatique +1.5]
[12:23:07]      A: congobet    "Dom. +1.5" = 1.65
[12:23:07]      B: yellowbet   "Ext. -1.5" = 2.9
[12:23:07] 
[12:23:07] ─── #45 Donna Vekic vs Viktorija Golubic (3 opps) ───
[12:23:07]   ligue: WTA. Toronto | kickoff: 2026-08-04T15:05:00.000Z
[12:23:07]   📊 10.23% [Handicap Asiatique -2.5]
[12:23:07]      A: yellowbet   "Dom. -2.5" = 2.8
[12:23:07]      B: congobet    "Ext. +2.5" = 1.85
[12:23:07]   📊 9.94% [Handicap Asiatique -2.5]
[12:23:07]      A: yellowbet   "Dom. -2.5" = 2.8
[12:23:07]      B: apollo      "Ext. +2.5" = 1.84
[12:23:07]   📊 9.73% [Handicap Asiatique -2.5]
[12:23:07]      A: yellowbet   "Dom. -2.5" = 2.8
[12:23:07]      B: 1xbet       "Ext. +2.5" = 1.83
[12:23:07] 
[12:23:07] ─── #46 Maria Camila vs Ekaterina Alexandrova (5 opps) ───
[12:23:07]   ligue: WTA. Toronto | kickoff: 2026-08-04T15:05:00.000Z
[12:23:07]   📊 9.94% [Handicap Asiatique +2.5]
[12:23:07]      A: congobet    "Dom. +2.5" = 1.84
[12:23:07]      B: yellowbet   "Ext. -2.5" = 2.8
[12:23:07]   📊 9.34% [Handicap Asiatique +2.5]
[12:23:07]      A: apollo      "Dom. +2.5" = 1.82
[12:23:07]      B: yellowbet   "Ext. -2.5" = 2.8
[12:23:07]   📊 9.04% [Handicap Asiatique +2.5]
[12:23:07]      A: 1xbet       "Dom. +2.5" = 1.81
[12:23:07]      B: yellowbet   "Ext. -2.5" = 2.8
[12:23:07]   📊 7.83% [Handicap Asiatique +1.5]
[12:23:07]      A: apollo      "Dom. +1.5" = 1.96
[12:23:07]      B: yellowbet   "Ext. -1.5" = 2.43
[12:23:07]   📊 7.57% [Handicap Asiatique +1.5]
[12:23:07]      A: 1xbet       "Dom. +1.5" = 1.95
[12:23:07]      B: yellowbet   "Ext. -1.5" = 2.43
[12:23:07] 
[12:23:07] ─── #47 Damm Jr, Martin vs Tsitsipas, Stefanos (2 opps) ───
[12:23:07]   ligue: /103/25570/58432/ | kickoff: 2026-08-04T00:10:00.000Z
[12:23:07]   📊 9.37% [Handicap Asiatique +1.5]
[12:23:07]      A: apollo      "Dom. +1.5" = 2.08
[12:23:07]      B: yellowbet   "Ext. -1.5" = 2.35
[12:23:07]   📊 7.20% [Handicap Asiatique +1.5]
[12:23:07]      A: congobet    "Dom. +1.5" = 1.99
[12:23:07]      B: yellowbet   "Ext. -1.5" = 2.35
[12:23:07] 
[12:23:07] ─── #48 Sho Shimabukuro vs Marin Cilic (5 opps) ───
[12:23:07]   ligue: ATP. Montreal | kickoff: 2026-08-03T16:30:00.000Z
[12:23:07]   📊 9.35% [Handicap Asiatique +1.5]
[12:23:07]      A: sportybet   "Dom. +1.5" = 1.89
[12:23:07]      B: yellowbet   "Ext. -1.5" = 2.65
[12:23:07]   📊 8.50% [Handicap Asiatique +1.5]
[12:23:07]      A: betmomo     "Dom. +1.5" = 1.86
[12:23:07]      B: yellowbet   "Ext. -1.5" = 2.65
[12:23:07]   📊 8.21% [Handicap Asiatique +1.5]
[12:23:07]      A: 1xbet       "Dom. +1.5" = 1.85
[12:23:07]      B: yellowbet   "Ext. -1.5" = 2.65
[12:23:07]   📊 7.92% [Handicap Asiatique +1.5]
[12:23:07]      A: apollo      "Dom. +1.5" = 1.84
[12:23:07]      B: yellowbet   "Ext. -1.5" = 2.65
[12:23:07]   📊 5.77% [Handicap Asiatique +1.5]
[12:23:07]      A: congobet    "Dom. +1.5" = 1.77
[12:23:07]      B: yellowbet   "Ext. -1.5" = 2.65
[12:23:07] 
[12:23:07] ─── #49 Alexis Galarneau vs Vit Kopriva (8 opps) ───
[12:23:07]   ligue: ATP. Montreal | kickoff: 2026-08-03T15:00:00.000Z
[12:23:07]   📊 8.87% [Handicap Asiatique -2.5]
[12:23:07]      A: yellowbet   "Dom. -2.5" = 3.2
[12:23:07]      B: sportybet   "Ext. +2.5" = 1.67
[12:23:07]   📊 8.14% [Handicap Asiatique -2.5]
[12:23:07]      A: yellowbet   "Dom. -2.5" = 3.2
[12:23:07]      B: betmomo     "Ext. +2.5" = 1.65
[12:23:07]   📊 7.33% [Handicap Asiatique +1.5]
[12:23:07]      A: sportybet   "Dom. +1.5" = 1.67
[12:23:07]      B: yellowbet   "Ext. -1.5" = 3.05
[12:23:07]   📊 6.83% [Handicap Asiatique -2.5]
[12:23:07]      A: yellowbet   "Dom. -2.5" = 3.2
[12:23:07]      B: 1xbet       "Ext. +2.5" = 1.62
[12:23:07]   📊 6.61% [Handicap Asiatique +1.5]
[12:23:07]      A: betmomo     "Dom. +1.5" = 1.65
[12:23:07]      B: yellowbet   "Ext. -1.5" = 3.05
[12:23:07]   📊 6.25% [Handicap Asiatique -2.5]
[12:23:07]      A: yellowbet   "Dom. -2.5" = 3.2
[12:23:07]      B: congobet    "Ext. +2.5" = 1.6
[12:23:07]   📊 4.71% [Handicap Asiatique +1.5]
[12:23:07]      A: 1xbet       "Dom. +1.5" = 1.6
[12:23:07]      B: yellowbet   "Ext. -1.5" = 3.05
[12:23:07]   📊 4.32% [Handicap Asiatique +1.5]
[12:23:07]      A: congobet    "Dom. +1.5" = 1.59
[12:23:07]      B: yellowbet   "Ext. -1.5" = 3.05
[12:23:07] 
[12:23:07] ─── #50 Benjamin Bonzi vs Yannick Hanfmann (7 opps) ───
[12:23:07]   ligue: ATP. Montreal | kickoff: 2026-08-03T16:35:00.000Z
[12:23:07]   📊 8.73% [Handicap Asiatique +1.5]
[12:23:07]      A: sportybet   "Dom. +1.5" = 1.8
[12:23:07]      B: yellowbet   "Ext. -1.5" = 2.8
[12:23:07]   📊 8.11% [Handicap Asiatique +1.5]
[12:23:07]      A: betmomo     "Dom. +1.5" = 1.78
[12:23:07]      B: yellowbet   "Ext. -1.5" = 2.8
[12:23:07]   📊 7.79% [Handicap Asiatique +1.5]
[12:23:07]      A: 1xbet       "Dom. +1.5" = 1.77
[12:23:07]      B: yellowbet   "Ext. -1.5" = 2.8
[12:23:07]   📊 7.43% [Handicap Asiatique -2.5]
[12:23:07]      A: yellowbet   "Dom. -2.5" = 4
[12:23:07]      B: sportybet   "Ext. +2.5" = 1.48
[12:23:07]   📊 7.14% [Handicap Asiatique +1.5]
[12:23:07]      A: apollo      "Dom. +1.5" = 1.75
[12:23:07]      B: yellowbet   "Ext. -1.5" = 2.8
[12:23:07]   📊 5.11% [Handicap Asiatique +1.5]
[12:23:07]      A: congobet    "Dom. +1.5" = 1.69
[12:23:07]      B: yellowbet   "Ext. -1.5" = 2.8
[12:23:07]   📊 5.07% [Handicap Asiatique -2.5]
[12:23:07]      A: yellowbet   "Dom. -2.5" = 4
[12:23:07]      B: 1xbet       "Ext. +2.5" = 1.43
[12:23:07] 
[12:23:07] ─── #51 Solana Sierra vs Sloane Stephens (6 opps) ───
[12:23:07]   ligue: WTA. Toronto | kickoff: 2026-08-03T22:35:00.000Z
[12:23:07]   📊 8.73% [Handicap Asiatique -2.5]
[12:23:07]      A: yellowbet   "Dom. -2.5" = 3.15
[12:23:07]      B: congobet    "Ext. +2.5" = 1.68
[12:23:07]   📊 8.37% [Handicap Asiatique -2.5]
[12:23:07]      A: yellowbet   "Dom. -2.5" = 3.15
[12:23:07]      B: betmomo     "Ext. +2.5" = 1.67
[12:23:07]   📊 7.28% [Handicap Asiatique -2.5]
[12:23:07]      A: yellowbet   "Dom. -2.5" = 3.15
[12:23:07]      B: 1xbet       "Ext. +2.5" = 1.64
[12:23:07]   📊 6.22% [Handicap Asiatique +1.5]
[12:23:07]      A: congobet    "Dom. +1.5" = 1.67
[12:23:07]      B: yellowbet   "Ext. -1.5" = 2.95
[12:23:07]   📊 5.50% [Handicap Asiatique +1.5]
[12:23:07]      A: 1xbet       "Dom. +1.5" = 1.65
[12:23:07]      B: yellowbet   "Ext. -1.5" = 2.95
[12:23:07]   📊 5.50% [Handicap Asiatique +1.5]
[12:23:07]      A: betmomo     "Dom. +1.5" = 1.65
[12:23:07]      B: yellowbet   "Ext. -1.5" = 2.95
[12:23:07] 
[12:23:07] ─── #52 Munar, Jaume vs Blockx, Alexander (2 opps) ───
[12:23:07]   ligue: /103/25570/58432/ | kickoff: 2026-08-04T15:00:00.000Z
[12:23:07]   📊 8.70% [Handicap Asiatique +1.5]
[12:23:07]      A: apollo      "Dom. +1.5" = 1.92
[12:23:07]      B: yellowbet   "Ext. -1.5" = 2.55
[12:23:07]   📊 6.73% [Handicap Asiatique +1.5]
[12:23:07]      A: congobet    "Dom. +1.5" = 1.85
[12:23:07]      B: yellowbet   "Ext. -1.5" = 2.55
[12:23:07] 
[12:23:07] ─── #53 James Duckworth vs Christopher O'Connell (2 opps) ───
[12:23:07]   ligue: ATP. Montreal | kickoff: 2026-08-03T15:00:00.000Z
[12:23:07]   📊 8.63% [Handicap Asiatique +1.5]
[12:23:07]      A: 1xbet       "Dom. +1.5" = 1.89
[12:23:07]      B: yellowbet   "Ext. -1.5" = 2.6
[12:23:07]   📊 6.59% [Handicap Asiatique +1.5]
[12:23:07]      A: congobet    "Dom. +1.5" = 1.82
[12:23:07]      B: yellowbet   "Ext. -1.5" = 2.6
[12:23:07] 
[12:23:07] ─── #54 Svajda, Zachary vs Shapovalov, Denis (1 opp) ───
[12:23:07]   ligue: ATP Montreal, Canada Men Singles | kickoff: 2026-08-04T14:00:00.000Z
[12:23:07]   📊 8.35% [Handicap Asiatique +1.5]
[12:23:07]      A: betmomo     "Dom. +1.5" = 1.88
[12:23:07]      B: yellowbet   "Ext. -1.5" = 2.6
[12:23:07] 
[12:23:07] ─── #55 Baez, Sebastian vs Bellucci, Mattia (2 opps) ───
[12:23:07]   ligue: /103/25570/58432/ | kickoff: 2026-08-03T18:30:00.000Z
[12:23:07]   📊 8.14% [Handicap Asiatique -2.5]
[12:23:07]      A: yellowbet   "Dom. -2.5" = 3.55
[12:23:07]      B: congobet    "Ext. +2.5" = 1.57
[12:23:07]   📊 3.74% [Handicap Asiatique +1.5]
[12:23:07]      A: congobet    "Dom. +1.5" = 1.55
[12:23:07]      B: yellowbet   "Ext. -1.5" = 3.15
[12:23:07] 
[12:23:07] ─── #56 Walton, Adam vs Brooksby, Jenson (2 opps) ───
[12:23:07]   ligue: /103/25570/58432/ | kickoff: 2026-08-03T18:30:00.000Z
[12:23:07]   📊 7.78% [Handicap Asiatique +1.5]
[12:23:07]      A: apollo      "Dom. +1.5" = 1.86
[12:23:07]      B: yellowbet   "Ext. -1.5" = 2.6
[12:23:07]   📊 5.98% [Handicap Asiatique +1.5]
[12:23:07]      A: congobet    "Dom. +1.5" = 1.8
[12:23:07]      B: yellowbet   "Ext. -1.5" = 2.6
[12:23:07] 
[12:23:07] ─── #57 Xinyu Wang vs Darya Kasatkina (7 opps) ───
[12:23:07]   ligue: WTA. Toronto | kickoff: 2026-08-04T00:35:00.000Z
[12:23:07]   📊 6.64% [Handicap Asiatique -2.5]
[12:23:07]      A: yellowbet   "Dom. -2.5" = 3.2
[12:23:07]      B: congobet    "Ext. +2.5" = 1.61
[12:23:07]   📊 6.49% [Handicap Asiatique +1.5]
[12:23:07]      A: congobet    "Dom. +1.5" = 1.75
[12:23:07]      B: yellowbet   "Ext. -1.5" = 2.75
[12:23:07]   📊 6.17% [Handicap Asiatique +1.5]
[12:23:07]      A: apollo      "Dom. +1.5" = 1.74
[12:23:07]      B: yellowbet   "Ext. -1.5" = 2.75
[12:23:07]   📊 5.50% [Handicap Asiatique +1.5]
[12:23:07]      A: 1xbet       "Dom. +1.5" = 1.72
[12:23:07]      B: yellowbet   "Ext. -1.5" = 2.75
[12:23:07]   📊 5.06% [Handicap Asiatique -2.5]
[12:23:07]      A: yellowbet   "Dom. -2.5" = 3.2
[12:23:07]      B: 1xbet       "Ext. +2.5" = 1.57
[12:23:07]   📊 3.39% [Handicap Asiatique -2.5]
[12:23:07]      A: yellowbet   "Dom. -2.5" = 3.2
[12:23:07]      B: betmomo     "Ext. +2.5" = 1.53
[12:23:07]   📊 3.03% [Handicap Asiatique +1.5]
[12:23:07]      A: betmomo     "Dom. +1.5" = 1.65
[12:23:07]      B: yellowbet   "Ext. -1.5" = 2.75
[12:23:07] 
[12:23:07] ─── #58 Sonego, Lorenzo vs Griekspoor, Tallon (2 opps) ───
[12:23:07]   ligue: /103/25570/58432/ | kickoff: 2026-08-03T20:20:00.000Z
[12:23:07]   📊 6.58% [Handicap Asiatique +1.5]
[12:23:07]      A: apollo      "Dom. +1.5" = 1.68
[12:23:07]      B: yellowbet   "Ext. -1.5" = 2.95
[12:23:07]   📊 4.75% [Handicap Asiatique +1.5]
[12:23:07]      A: congobet    "Dom. +1.5" = 1.63
[12:23:07]      B: yellowbet   "Ext. -1.5" = 2.95
[12:23:07] 
[12:23:07] 
=== RESUME PAR BOOKMAKER (apparitions dans les opps) ===
[12:23:07]   yellowbet    274
[12:23:07]   1xbet        76
[12:23:07]   congobet     71
[12:23:07]   apollo       46
[12:23:07]   betmomo      42
[12:23:07]   sportybet    39
[12:23:07] 
=== STATS SCAN ===
[12:23:07]   catalogs: [{"book":"1xbet","matches":292},{"book":"1win","matches":197},{"book":"congobet","matches":84},{"book":"yellowbet","matches":61},{"book":"apollo","matches":100},{"book":"betmomo","matches":108},{"book":"premierbet","matches":7},{"book":"betpawa","matches":0},{"book":"sportybet","matches":173}]
[12:23:07]   entries: 221
[12:23:07]   duration_ms: 46445
