
═══════════════ 1XBET — parseur foot actuel appliqué au tennis ═══════════════
[xbet] listPrematch : 40 champs a fetcher (BATCH=40)
  296 matchs listés

  📌 Taylor Harry Fritz vs Rafael Jodar [ATP. Washington]
  46 cles extraites :
    even                             = 1.86
    hcp_away_-0.5                    = 2.59
    hcp_away_-1.5                    = 2.65
    hcp_away_0.5                     = 2.32
    hcp_away_1.5                     = 2.11
    hcp_away_2.5                     = 1.885
    hcp_away_3.5                     = 1.52
    hcp_away_4.5                     = 1.27
    hcp_away_5.5                     = 1.111
    hcp_home_-0.5                    = 1.55
    hcp_home_-1.5                    = 1.666
    hcp_home_-2.5                    = 1.957
    hcp_home_-3.5                    = 2.39
    hcp_home_-4.5                    = 3.48
    hcp_home_-5.5                    = 5.7
    hcp_home_0.5                     = 1.45
    hcp_home_1.5                     = 1.45
    match_1                          = 1.55
    match_2                          = 2.522
    match_over_20.5                  = 1.32
    match_over_21.5                  = 1.44
    match_over_22.5                  = 1.71
    match_over_23.5                  = 2.028
    match_over_24.5                  = 2
    match_over_25.5                  = 2.12
    match_over_26.5                  = 2.375
    match_under_20.5                 = 2.875
    match_under_21.5                 = 2.51
    match_under_22.5                 = 2.02
    match_under_23.5                 = 1.822
    match_under_24.5                 = 1.72
    match_under_25.5                 = 1.61
    match_under_26.5                 = 1.46
    odd                              = 1.86
    tt_away_over_11.5                = 1.56
    tt_away_over_12.5                = 1.94
    tt_away_over_13.5                = 2.65
    tt_away_under_11.5               = 2.27
    tt_away_under_12.5               = 1.79
    tt_away_under_13.5               = 1.42
    tt_home_over_11.5                = 1.186
    tt_home_over_12.5                = 1.6
    tt_home_over_13.5                = 2.34
    tt_home_under_11.5               = 4.2
    tt_home_under_12.5               = 2.22
    tt_home_under_13.5               = 1.53

  📌 Alexis Galarneau vs Vit Kopriva [ATP. Montreal]
  44 cles extraites :
    even                             = 1.86
    hcp_away_-0.5                    = 2.05
    hcp_away_-1.5                    = 2.22
    hcp_away_-2.5                    = 2.53
    hcp_away_0.5                     = 1.9
    hcp_away_1.5                     = 1.77
    hcp_away_2.5                     = 1.61
    hcp_away_3.5                     = 1.42
    hcp_home_-0.5                    = 1.83
    hcp_home_-1.5                    = 1.96
    hcp_home_-2.5                    = 2.2
    hcp_home_-3.5                    = 2.69
    hcp_home_0.5                     = 1.7
    hcp_home_1.5                     = 1.6
    hcp_home_2.5                     = 1.47
    match_1                          = 1.8
    match_2                          = 2.01
    match_over_19.5                  = 1.28
    match_over_20.5                  = 1.43
    match_over_21.5                  = 1.58
    match_over_22.5                  = 1.84
    match_over_23.5                  = 2.04
    match_over_24.5                  = 2.07
    match_over_25.5                  = 2.21
    match_under_19.5                 = 3.08
    match_under_20.5                 = 2.54
    match_under_21.5                 = 2.23
    match_under_22.5                 = 1.89
    match_under_23.5                 = 1.69
    match_under_24.5                 = 1.64
    match_under_25.5                 = 1.53
    odd                              = 1.86
    tt_away_over_11.5                = 1.43
    tt_away_over_12.5                = 1.909
    tt_away_over_13.5                = 2.72
    tt_away_under_11.5               = 2.62
    tt_away_under_12.5               = 1.81
    tt_away_under_13.5               = 1.4
    tt_home_over_11.5                = 1.333
    tt_home_over_12.5                = 1.833
    tt_home_over_13.5                = 2.65
    tt_home_under_11.5               = 3.02
    tt_home_under_12.5               = 1.89
    tt_home_under_13.5               = 1.42

═══════════════ CONGOBET — parseur foot actuel appliqué au tennis ═══════════════
  86 matchs listés

  📌 Fritz, Taylor vs Jodar, Rafael [/103/25570/54994/]
  53 cles extraites :
    hcp_away_0.5                     = 2.17
    hcp_away_1.5                     = 1.99
    hcp_away_2.5                     = 1.75
    hcp_away_3.5                     = 1.48
    hcp_away_4.5                     = 1.25
    hcp_home_-0.5                    = 1.52
    hcp_home_-1.5                    = 1.62
    hcp_home_-2.5                    = 1.83
    hcp_home_-3.5                    = 2.26
    hcp_home_-4.5                    = 3.15
    match_1                          = 1.5
    match_2                          = 2.31
    match_over_21.5                  = 1.39
    match_over_22.5                  = 1.61
    match_over_23.5                  = 1.85
    match_over_24.5                  = 1.87
    match_over_25.5                  = 2
    match_under_21.5                 = 2.49
    match_under_22.5                 = 2.01
    match_under_23.5                 = 1.73
    match_under_24.5                 = 1.71
    match_under_25.5                 = 1.61
    s1_match_1                       = 1.55
    s1_match_2                       = 2.11
    s1_over_10.5                     = 2.44
    s1_over_7.5                      = 1.02
    s1_over_8.5                      = 1.12
    s1_over_9.5                      = 1.49
    s1_under_10.5                    = 1.41
    s1_under_6.5                     = 8.2
    s1_under_7.5                     = 7
    s1_under_8.5                     = 4.5
    s1_under_9.5                     = 2.23
    s2_match_1                       = 1.55
    s2_match_2                       = 2.1
    set_hcp_away_-1.5                = 4.2
    set_hcp_away_1.5                 = 1.48
    set_hcp_home_-1.5                = 2.38
    set_hcp_home_1.5                 = 1.18
    set_over_2.5                     = 2.13
    set_under_2.5                    = 1.54
    tt_away_over_11.5                = 1.5
    tt_away_over_12.5                = 1.87
    tt_away_over_13.5                = 2.5
    tt_away_under_11.5               = 2.2
    tt_away_under_12.5               = 1.71
    tt_away_under_13.5               = 1.38
    tt_home_over_11.5                = 1.19
    tt_home_over_12.5                = 1.57
    tt_home_over_13.5                = 2.25
    tt_home_under_11.5               = 3.6
    tt_home_under_12.5               = 2.07
    tt_home_under_13.5               = 1.48

  📌 Ratti, Lucio vs Basing, Max [/103/24585/55437/]
  46 cles extraites :
    hcp_away_-3.5                    = 1.44
    hcp_away_-4.5                    = 1.69
    hcp_away_-5.5                    = 2.1
    hcp_home_3.5                     = 2.29
    hcp_home_4.5                     = 1.86
    hcp_home_5.5                     = 1.53
    match_1                          = 3.35
    match_2                          = 1.21
    match_over_18.5                  = 1.43
    match_over_19.5                  = 1.62
    match_over_20.5                  = 1.83
    match_over_21.5                  = 2.02
    match_over_22.5                  = 2.3
    match_under_18.5                 = 2.33
    match_under_19.5                 = 1.96
    match_under_20.5                 = 1.71
    match_under_21.5                 = 1.57
    match_under_22.5                 = 1.44
    s1_match_1                       = 2.8
    s1_match_2                       = 1.3
    s1_over_10.5                     = 3.45
    s1_over_8.5                      = 1.37
    s1_over_9.5                      = 1.97
    s1_under_10.5                    = 1.19
    s1_under_8.5                     = 2.5
    s1_under_9.5                     = 1.61
    s2_match_1                       = 2.95
    s2_match_2                       = 1.26
    set_hcp_away_-1.5                = 1.63
    set_hcp_away_1.5                 = 1.08
    set_hcp_home_-1.5                = 7
    set_hcp_home_1.5                 = 1.99
    set_over_2.5                     = 2.6
    set_under_2.5                    = 1.34
    tt_away_over_11.5                = 1.09
    tt_away_over_12.5                = 1.92
    tt_away_over_13.5                = 2.95
    tt_away_under_11.5               = 4.6
    tt_away_under_12.5               = 1.64
    tt_away_under_13.5               = 1.26
    tt_home_over_7.5                 = 1.55
    tt_home_over_8.5                 = 1.74
    tt_home_over_9.5                 = 1.91
    tt_home_under_7.5                = 2.06
    tt_home_under_8.5                = 1.8
    tt_home_under_9.5                = 1.65

═══════════════ APOLLO — dict tennis mapping applique ═══════════════

  📌 Berrettini, Matteo vs Navone, Mariano [ATP / ATP Montreal, Canada Men Singles]
  39 cles extraites :
    hcp_away_1.5                     = 2.16
    hcp_away_2.5                     = 1.87
    hcp_away_3.5                     = 1.58
    hcp_home_-1.5                    = 1.62
    hcp_home_-2.5                    = 1.83
    hcp_home_-3.5                    = 2.23
    hcp_sets_away_-1.5               = 4.1
    hcp_sets_away_1.5                = 1.56
    hcp_sets_home_-1.5               = 2.28
    hcp_sets_home_1.5                = 1.2
    match_1                          = 1.46
    match_2                          = 2.5
    match_over_21.5                  = 1.57
    match_over_22.5                  = 1.82
    match_over_23.5                  = 2.06
    match_under_21.5                 = 2.25
    match_under_22.5                 = 1.89
    match_under_23.5                 = 1.68
    s1_hcp_away_1.5                  = 1.75
    s1_hcp_home_-1.5                 = 1.97
    s1_match_1                       = 1.55
    s1_match_2                       = 2.24
    s1_over_10.5                     = 2.7
    s1_over_7.5                      = 1.03
    s1_over_8.5                      = 1.16
    s1_over_9.5                      = 1.57
    s1_under_10.5                    = 1.41
    s1_under_6.5                     = 12
    s1_under_7.5                     = 8.8
    s1_under_8.5                     = 4.7
    s1_under_9.5                     = 2.26
    s2_match_1                       = 1.56
    s2_match_2                       = 2.23
    total_sets_2                     = 1.56
    total_sets_3                     = 2.23
    tt_away_over_12.5                = 2.03
    tt_away_under_12.5               = 1.7
    tt_home_over_12.5                = 1.65
    tt_home_under_12.5               = 2.11

  📌 Galarneau, Alexis vs Kopriva, Vit [ATP / ATP Montreal, Canada Men Singles]
  39 cles extraites :
    hcp_away_-0.5                    = 2.01
    hcp_away_0.5                     = 1.88
    hcp_away_1.5                     = 1.76
    hcp_home_-0.5                    = 1.82
    hcp_home_-1.5                    = 1.95
    hcp_home_0.5                     = 1.72
    hcp_sets_away_-1.5               = 3.05
    hcp_sets_away_1.5                = 1.39
    hcp_sets_home_-1.5               = 2.8
    hcp_sets_home_1.5                = 1.33
    match_1                          = 1.77
    match_2                          = 1.94
    match_over_21.5                  = 1.58
    match_over_22.5                  = 1.82
    match_over_23.5                  = 2.04
    match_under_21.5                 = 2.23
    match_under_22.5                 = 1.89
    match_under_23.5                 = 1.69
    s1_hcp_away_0.5                  = 1.91
    s1_hcp_home_-0.5                 = 1.8
    s1_match_1                       = 1.78
    s1_match_2                       = 1.89
    s1_over_10.5                     = 3.2
    s1_over_7.5                      = 1.08
    s1_over_8.5                      = 1.27
    s1_over_9.5                      = 1.79
    s1_under_10.5                    = 1.3
    s1_under_6.5                     = 12
    s1_under_7.5                     = 6.6
    s1_under_8.5                     = 3.45
    s1_under_9.5                     = 1.92
    s2_match_1                       = 1.78
    s2_match_2                       = 1.89
    total_sets_2                     = 1.55
    total_sets_3                     = 2.25
    tt_away_over_12.5                = 2.04
    tt_away_under_12.5               = 1.69
    tt_home_over_12.5                = 1.96
    tt_home_under_12.5               = 1.75

═══════════════ SPORTYBET — dict tennis mapping applique ═══════════════
[sportybet:tennis] UPCOMING : 174 matchs listés

  📌 Berrettini, Matteo vs Navone, Mariano [ATP Montreal, Canada Men Singles]
  74 cles extraites :
    even                             = 1.83
    hcp_away_-0.5                    = 2.7
    hcp_away_0.5                     = 2.45
    hcp_away_1.5                     = 2.25
    hcp_away_2.5                     = 1.93
    hcp_away_3.5                     = 1.62
    hcp_away_4.5                     = 1.32
    hcp_away_5.5                     = 1.17
    hcp_home_-0.5                    = 1.56
    hcp_home_-1.5                    = 1.66
    hcp_home_-2.5                    = 1.88
    hcp_home_-3.5                    = 2.3
    hcp_home_-4.5                    = 3.4
    hcp_home_-5.5                    = 5.1
    hcp_home_0.5                     = 1.47
    hcp_sets_away_-1.5               = 4.2
    hcp_sets_away_1.5                = 1.57
    hcp_sets_home_-1.5               = 2.3
    hcp_sets_home_1.5                = 1.2
    match_1                          = 1.51
    match_2                          = 2.65
    match_over_19.5                  = 1.32
    match_over_20.5                  = 1.48
    match_over_21.5                  = 1.61
    match_over_22.5                  = 1.87
    match_over_23.5                  = 2.15
    match_over_24.5                  = 2.2
    match_over_25.5                  = 2.35
    match_under_19.5                 = 3.45
    match_under_20.5                 = 2.7
    match_under_21.5                 = 2.35
    match_under_22.5                 = 1.94
    match_under_23.5                 = 1.73
    match_under_24.5                 = 1.69
    match_under_25.5                 = 1.59
    odd                              = 1.9
    s1_hcp_away_-1.5                 = 3.05
    s1_hcp_away_1.5                  = 1.76
    s1_hcp_away_2.5                  = 1.26
    s1_hcp_home_-1.5                 = 1.99
    s1_hcp_home_-2.5                 = 3.6
    s1_hcp_home_1.5                  = 1.35
    s1_match_1                       = 1.6
    s1_match_2                       = 2.35
    s1_over_10.5                     = 2.75
    s1_over_12.5                     = 3.6
    s1_over_6.5                      = 1.01
    s1_over_7.5                      = 1.04
    s1_over_8.5                      = 1.16
    s1_over_9.5                      = 1.58
    s1_under_10.5                    = 1.42
    s1_under_12.5                    = 1.26
    s1_under_6.5                     = 14
    s1_under_7.5                     = 9.5
    s1_under_8.5                     = 4.8
    s1_under_9.5                     = 2.3
    s2_match_1                       = 1.61
    s2_match_2                       = 2.35
    total_sets_2                     = 1.58
    total_sets_3                     = 2.3
    total_sets_over_2.5              = 2.25
    total_sets_under_2.5             = 1.57
    tt_away_over_11.5                = 1.61
    tt_away_over_12.5                = 2.05
    tt_away_over_13.5                = 2.8
    tt_away_under_11.5               = 2.2
    tt_away_under_12.5               = 1.72
    tt_away_under_13.5               = 1.4
    tt_home_over_11.5                = 1.21
    tt_home_over_12.5                = 1.66
    tt_home_over_13.5                = 2.45
    tt_home_under_11.5               = 4.15
    tt_home_under_12.5               = 2.15
    tt_home_under_13.5               = 1.51

  📌 Galarneau, Alexis vs Kopriva, Vit [ATP Montreal, Canada Men Singles]
  74 cles extraites :
    even                             = 1.87
    hcp_away_-0.5                    = 2.05
    hcp_away_-1.5                    = 2.2
    hcp_away_-2.5                    = 2.5
    hcp_away_0.5                     = 1.93
    hcp_away_1.5                     = 1.81
    hcp_away_2.5                     = 1.67
    hcp_away_3.5                     = 1.49
    hcp_home_-0.5                    = 1.88
    hcp_home_-1.5                    = 2
    hcp_home_-2.5                    = 2.2
    hcp_home_-3.5                    = 2.65
    hcp_home_0.5                     = 1.76
    hcp_home_1.5                     = 1.67
    hcp_home_2.5                     = 1.54
    hcp_sets_away_-1.5               = 3.1
    hcp_sets_away_1.5                = 1.39
    hcp_sets_home_-1.5               = 2.85
    hcp_sets_home_1.5                = 1.33
    match_1                          = 1.84
    match_2                          = 2
    match_over_19.5                  = 1.33
    match_over_20.5                  = 1.49
    match_over_21.5                  = 1.62
    match_over_22.5                  = 1.87
    match_over_23.5                  = 2.1
    match_over_24.5                  = 2.15
    match_over_25.5                  = 2.35
    match_under_19.5                 = 3.35
    match_under_20.5                 = 2.65
    match_under_21.5                 = 2.3
    match_under_22.5                 = 1.94
    match_under_23.5                 = 1.74
    match_under_24.5                 = 1.7
    match_under_25.5                 = 1.6
    odd                              = 1.87
    s1_hcp_away_-1.5                 = 2.3
    s1_hcp_away_0.5                  = 1.93
    s1_hcp_away_1.5                  = 1.65
    s1_hcp_home_-0.5                 = 1.81
    s1_hcp_home_-1.5                 = 2.15
    s1_hcp_home_1.5                  = 1.58
    s1_match_1                       = 1.85
    s1_match_2                       = 1.97
    s1_over_10.5                     = 3.3
    s1_over_12.5                     = 4.8
    s1_over_6.5                      = 1.01
    s1_over_7.5                      = 1.08
    s1_over_8.5                      = 1.27
    s1_over_9.5                      = 1.81
    s1_under_10.5                    = 1.31
    s1_under_12.5                    = 1.16
    s1_under_6.5                     = 13.5
    s1_under_7.5                     = 6.9
    s1_under_8.5                     = 3.5
    s1_under_9.5                     = 1.94
    s2_match_1                       = 1.85
    s2_match_2                       = 1.97
    total_sets_2                     = 1.57
    total_sets_3                     = 2.3
    total_sets_over_2.5              = 2.25
    total_sets_under_2.5             = 1.56
    tt_away_over_11.5                = 1.47
    tt_away_over_12.5                = 2.05
    tt_away_over_13.5                = 3
    tt_away_under_11.5               = 2.55
    tt_away_under_12.5               = 1.71
    tt_away_under_13.5               = 1.36
    tt_home_over_11.5                = 1.39
    tt_home_over_12.5                = 1.98
    tt_home_over_13.5                = 2.9
    tt_home_under_11.5               = 2.85
    tt_home_under_12.5               = 1.77
    tt_home_under_13.5               = 1.38

═══════════════ BETMOMO — dict tennis mapping applique ═══════════════

  📌 Lorenzo Angelini vs Petr Nesterov [ATP Challenger Plovdiv - Clay]
  42 cles extraites :
    even                             = 1.84
    hcp_away_-2.5                    = 1.55
    hcp_away_-3.5                    = 1.72
    hcp_away_-4.5                    = 2.05
    hcp_home_2.5                     = 2.2
    hcp_home_3.5                     = 1.96
    hcp_home_4.5                     = 1.65
    hcp_sets_away_-1.5               = 1.96
    hcp_sets_away_1.5                = 1.18
    hcp_sets_home_-1.5               = 3.95
    hcp_sets_home_1.5                = 1.72
    match_1                          = 2.58
    match_2                          = 1.38
    match_over_19.5                  = 1.65
    match_over_20.5                  = 1.86
    match_over_21.5                  = 2.07
    match_under_19.5                 = 2.05
    match_under_20.5                 = 1.8
    match_under_21.5                 = 1.63
    odd                              = 1.82
    s1_hcp_away_-1.5                 = 1.63
    s1_hcp_away_-3.5                 = 3.35
    s1_hcp_away_1.5                  = 1.37
    s1_hcp_home_-1.5                 = 2.61
    s1_hcp_home_1.5                  = 2.07
    s1_hcp_home_3.5                  = 1.24
    s1_match_1                       = 2.35
    s1_match_2                       = 1.47
    s1_over_10.5                     = 3.95
    s1_over_8.5                      = 1.43
    s1_under_10.5                    = 1.18
    s1_under_8.5                     = 2.43
    total_sets_over_2.5              = 2.53
    total_sets_under_2.5             = 1.4
    tt_away_over_12.5                = 2.11
    tt_away_under_12.5               = 1.6
    tt_home_over_10.5                = 1.8
    tt_home_over_11.5                = 1.92
    tt_home_over_9.5                 = 1.7
    tt_home_under_10.5               = 1.86
    tt_home_under_11.5               = 1.75
    tt_home_under_9.5                = 1.98

  📌 Gabriele Piraino vs Carlo Alberto Caniato [ATP Challenger Plovdiv - Clay]
  42 cles extraites :
    even                             = 1.84
    hcp_away_-1.5                    = 1.55
    hcp_away_-2.5                    = 1.67
    hcp_away_-3.5                    = 1.89
    hcp_home_1.5                     = 2.2
    hcp_home_2.5                     = 2.02
    hcp_home_3.5                     = 1.77
    hcp_sets_away_-1.5               = 2.07
    hcp_sets_away_1.5                = 1.18
    hcp_sets_home_-1.5               = 3.95
    hcp_sets_home_1.5                = 1.63
    match_1                          = 2.47
    match_2                          = 1.42
    match_over_20.5                  = 1.65
    match_over_21.5                  = 1.8
    match_over_22.5                  = 2.07
    match_under_20.5                 = 2.05
    match_under_21.5                 = 1.86
    match_under_22.5                 = 1.63
    odd                              = 1.82
    s1_hcp_away_-1.5                 = 1.72
    s1_hcp_away_-3.5                 = 4.2
    s1_hcp_away_1.5                  = 1.33
    s1_hcp_home_-1.5                 = 2.78
    s1_hcp_home_1.5                  = 1.96
    s1_hcp_home_3.5                  = 1.16
    s1_match_1                       = 2.28
    s1_match_2                       = 1.5
    s1_over_10.5                     = 3.2
    s1_over_12.5                     = 4.6
    s1_over_8.5                      = 1.26
    s1_under_10.5                    = 1.26
    s1_under_12.5                    = 1.14
    s1_under_8.5                     = 3.2
    total_sets_over_2.5              = 2.43
    total_sets_under_2.5             = 1.43
    tt_away_over_12.5                = 1.92
    tt_away_under_12.5               = 1.75
    tt_home_over_10.5                = 1.65
    tt_home_over_11.5                = 1.75
    tt_home_under_10.5               = 2.05
    tt_home_under_11.5               = 1.92

═══════════════ PREMIERBET (guineegames sportId=5) — dict tennis mapping applique ═══════════════

  📌 Zakaria, Faris vs Glinka, Daniil [Challenger / ATP Challenger Grodzisk Mazowiecki, Poland Men Singles]
  12 cles extraites :
    hcp_away_5.5                     = 1.8
    hcp_home_5.5                     = 1.77
    match_1                          = 5.6
    match_2                          = 1.08
    match_over_19.5                  = 1.83
    match_under_19.5                 = 1.81
    s1_hcp_away_2.5                  = 1.79
    s1_hcp_home_2.5                  = 1.78
    s1_match_1                       = 4.1
    s1_match_2                       = 1.17
    s1_over_9.5                      = 2.09
    s1_under_9.5                     = 1.61

  📌 Ribecai, Michele vs Radulov, Iliyan [Challenger / ATP Challenger Grodzisk Mazowiecki, Poland Men Singles]
  12 cles extraites :
    hcp_away_0.5                     = 1.82
    hcp_home_0.5                     = 1.75
    match_1                          = 1.83
    match_2                          = 1.81
    match_over_21.5                  = 1.77
    match_under_21.5                 = 1.87
    s1_hcp_away_-0.5                 = 1.78
    s1_hcp_home_-0.5                 = 1.79
    s1_match_1                       = 1.83
    s1_match_2                       = 1.81
    s1_over_9.5                      = 1.84
    s1_under_9.5                     = 1.8

═══ FIN VERIF FULL ═══
