=== 1 : GetChampsZip sport=3 (basketball) sur 1xbet.cg country=93 ===
    hidden-pine-7436 → JSON(2100b) in 1075ms
  Value: 15 champs
  samples: {"LI":197289,"CI":153,"L":"WNBA"}
           {"LI":1276843,"CI":225,"L":"Club Friendlies"}
           {"LI":1897545,"CI":4,"L":"Australia. NBL1. Women"}
           {"LI":1531223,"CI":153,"L":"BIG3 Championship"}
           {"LI":24805,"CI":31,"L":"Brazil. LBF. Women"}

=== 2 : Top matches Get1x2_VZip sport=3 (fallback quand 0 champs) ===
    hidden-pine-7436 → JSON(100145b) in 768ms
  Value: 40 matches
  samples: Woosuk University vs Hanyang University (South Korea. University League)
           Wuhan Shengfan Yellow Crane (Women) vs Xinjiang Tianshan (Women) (China. National Championship. Women)
           Yulon Group vs National Taiwan University of Arts (Club Friendlies)

=== 3 : test avec country=1 (US/global) ===
    hidden-pine-7436 → JSON(2100b) in 165ms
  Value: 15 champs

=== 4 : test lng=fr et lng=ru ===
    hidden-pine-7436 → JSON(2795b) in 168ms
  lng=fr: 15 champs
    hidden-pine-7436 → null in 173ms
    billowing-sea-2d8e → null in 912ms
  lng=ru: 0 champs

=== 5 : autre domaine 1xbet.com (public) ===
    hidden-pine-7436 → null in 30ms
    billowing-sea-2d8e → null in 95ms

=== 6 : comparaison sport=1 (football) meme URL ===
    hidden-pine-7436 → JSON(44214b) in 200ms
  Football champs: 296

=== 7 : est-ce que le filtre isRealChamp masque tout ? ===
  15 total → 15 passent isRealChamp
  bloqués:

=== 8 : simuler BATCH prod (12 concurrent) sur les 15 champs ===
  15 champIds distincts
    hidden-pine-7436 → JSON(18629b) in 173ms
    hidden-pine-7436 → JSON(7981b) in 342ms
    hidden-pine-7436 → JSON(5520b) in 505ms
    hidden-pine-7436 → JSON(2350b) in 670ms
    hidden-pine-7436 → JSON(5477b) in 676ms
    hidden-pine-7436 → JSON(2729b) in 680ms
    hidden-pine-7436 → JSON(6106b) in 688ms
    hidden-pine-7436 → JSON(2877b) in 811ms
    hidden-pine-7436 → JSON(5577b) in 853ms
    hidden-pine-7436 → JSON(16914b) in 856ms
    hidden-pine-7436 → JSON(10563b) in 1004ms
    hidden-pine-7436 → JSON(2993b) in 1280ms
  batch 0-12: 12/12 OK, 34 matches in 1281ms
    hidden-pine-7436 → JSON(2894b) in 169ms
    hidden-pine-7436 → JSON(2715b) in 170ms
    hidden-pine-7436 → JSON(7772b) in 621ms
  batch 12-15: 3/3 OK, 6 matches in 621ms
  TOTAL : 40 matches (avec timeout 5s comme prod)

=== FIN ===
